******************************************************************************
                  TI ARM Linker PC v5.1.5                      
******************************************************************************
>> Linked Sun Jun 01 14:02:41 2014

OUTPUT FILE NAME:   <RTOS_UART.out>
ENTRY POINT SYMBOL: "_c_int00"  address: 0000680d


MEMORY CONFIGURATION

         name            origin    length      used     unused   attr    fill
----------------------  --------  ---------  --------  --------  ----  --------
  FLASH                 00000000   00040000  0000af21  000350df  R  X
  SRAM                  20000000   00008000  00005200  00002e00  RW X


SEGMENT ALLOCATION MAP

run origin  load origin   length   init length attrs members
----------  ----------- ---------- ----------- ----- -------
00000000    00000000    0000af28   0000af28    r-x
  00000000    00000000    0000003c   0000003c    r-- .resetVecs
  0000003c    0000003c    0000830c   0000830c    r-x .text
  00008348    00008348    00002721   00002721    r-- .const
  0000aa70    0000aa70    000004b8   000004b8    r-- .cinit
20000000    20000000    00000360   00000000    rw-
  20000000    20000000    00000360   00000000    rw- .vecs
20000380    20000380    00004ea0   00000000    rw-
  20000380    20000380    000037b0   00000000    rw- .bss
  20003b30    20003b30    00001000   00000000    rw- .stack
  20004b30    20004b30    000006f0   00000000    rw- .data


SECTION ALLOCATION MAP

 output                                  attributes/
section   page    origin      length       input sections
--------  ----  ----------  ----------   ----------------
.bootVecs 
*          0    00000000    00000008     DSECT
                  00000000    00000008     boot.aem4f : boot.oem4f (.bootVecs)

.resetVecs 
*          0    00000000    0000003c     
                  00000000    0000003c     main_pem4f.oem4f (.resetVecs)

xdc.meta   0    00000000    000000e1     COPY SECTION
                  00000000    000000e1     main_pem4f.oem4f (xdc.meta)

.init_array 
*          0    00000000    00000000     UNINITIALIZED

.text      0    0000003c    0000830c     
                  0000003c    00000424     sysbios.aem4f : BIOS.obj (.text:ti_sysbios_family_arm_m3_Hwi_excDumpRegs__I)
                  00000460    0000033c     ti.targets.arm.rtsarm.aem4f : System.oem4f (.text:xdc_runtime_System_doPrint__I)
                  0000079c    00000300     sysbios.aem4f : BIOS.obj (.text:ti_sysbios_knl_Semaphore_pend__E)
                  00000a9c    000002d4     rtsv7M4_T_le_v4SPD16_eabi.lib : trgdrv.obj (.text)
                  00000d70    000002a4     uart_tivaware.aem4f : UARTTiva.oem4f (.text:UARTTiva_open)
                  00001014    00000248     sysbios.aem4f : BIOS.obj (.text:ti_sysbios_family_arm_lm4_Timer_start__E)
                  0000125c    00000248                   : BIOS.obj (.text:ti_sysbios_heaps_HeapMem_free__E)
                  000014a4    00000234                   : BIOS.obj (.text:ti_sysbios_heaps_HeapMem_alloc__E)
                  000016d8    00000214     uart_tivaware.aem4f : UARTTiva.oem4f (.text:UARTTiva_write)
                  000018ec    0000020c     sysbios.aem4f : BIOS.obj (.text:ti_sysbios_family_arm_m3_Hwi_excHandlerMax__I)
                  00001af8    00000204     main.obj (.text:TSK_handleUartRXFxn)
                  00001cfc    000001fc     sysbios.aem4f : BIOS.obj (.text:ti_sysbios_knl_Task_sleep__E)
                  00001ef8    000001f8     uart_tivaware.aem4f : UARTTiva.oem4f (.text:UARTTiva_read)
                  000020f0    000001f4     rtsv7M4_T_le_v4SPD16_eabi.lib : ull_div_t2.obj (.text)
                  000022e4    000001cc     uart_tivaware.aem4f : UARTTiva.oem4f (.text:UARTTiva_hwiIntFxn)
                  000024b0    0000018c     sysbios.aem4f : BIOS.obj (.text:ti_sysbios_utils_Load_logLoads__I)
                  0000263c    00000178     uart_tivaware.aem4f : UARTTiva.oem4f (.text:writeData)
                  000027b4    00000168                         : UARTTiva.oem4f (.text:UARTTiva_readPolling)
                  0000291c    00000168                         : UARTTiva.oem4f (.text:readData)
                  00002a84    00000168     sysbios.aem4f : BIOS.obj (.text:ti_sysbios_family_arm_m3_Hwi_excBusFault__I)
                  00002bec    0000015c     uart_tivaware.aem4f : UARTTiva.oem4f (.text:UARTTiva_writePolling)
                  00002d48    00000158     sysbios.aem4f : BIOS.obj (.text:ti_sysbios_family_arm_lm4_TimestampProvider_get64__E)
                  00002ea0    00000148                   : BIOS.obj (.text:ti_sysbios_family_arm_m3_Hwi_dispatchC__I)
                  00002fe8    00000148                   : BIOS.obj (.text:ti_sysbios_family_arm_m3_Hwi_excUsageFault__I)
                  00003130    00000144                   : BIOS.obj (.text:ti_sysbios_knl_Semaphore_post__E)
                  00003274    00000144                   : BIOS.obj (.text:ti_sysbios_utils_Load_updateThreadContexts__E)
                  000033b8    00000140                   : BIOS.obj (.text:ti_sysbios_knl_Clock_workFunc__E)
                  000034f8    00000138                   : BIOS.obj (.text:ti_sysbios_heaps_HeapMem_Instance_init__E)
                  00003630    00000138                   : BIOS.obj (.text:ti_sysbios_knl_Task_exit__E)
                  00003768    00000134                   : BIOS.obj (.text:ti_sysbios_family_arm_m3_Hwi_excMemFault__I)
                  0000389c    00000130     driverlib.lib : gpio.obj (.text:GPIOPadConfigSet)
                  000039cc    00000130     main_pem4f.oem4f (.text:ti_uia_loggers_LoggerStopMode_writeMemoryRange__E)
                  00003afc    00000128     sysbios.aem4f : BIOS.obj (.text:ti_sysbios_knl_Swi_run__I)
                  00003c24    00000120     ti.targets.arm.rtsarm.aem4f : Error.oem4f (.text:xdc_runtime_Error_policyDefault__E)
                  00003d44    0000011c     main_pem4f.oem4f (.text:ti_uia_loggers_LoggerStopMode_write8__E)
                  00003e60    00000114     sysbios.aem4f : BIOS.obj (.text:ti_sysbios_knl_Task_schedule__I)
                  00003f74    00000104     Boot.aem4f : Boot_sysctl.oem4f (.text:ti_catalog_arm_cortexm4_tiva_ce_Boot_sysCtlClockSetI__I)
                  00004078    00000104     main_pem4f.oem4f (.text:ti_uia_loggers_LoggerStopMode_write4__E)
                  0000417c    00000104     ti.targets.arm.rtsarm.aem4f : Core-mem.oem4f (.text:xdc_runtime_Core_createObject__I)
                  00004280    00000104     main_pem4f.oem4f (.text:xdc_runtime_System_printfExtend__I)
                  00004384    000000fc     sysbios.aem4f : BIOS.obj (.text:ti_sysbios_knl_Task_postInit__I)
                  00004480    000000fc                   : BIOS.obj (.text:ti_sysbios_knl_Task_startCore__E)
                  0000457c    000000fc     ti.targets.arm.rtsarm.aem4f : Startup.oem4f (.text:xdc_runtime_Startup_startMods__I)
                  00004678    000000f8     main_pem4f.oem4f (.text:ti_uia_loggers_LoggerStopMode_write2__E)
                  00004770    000000f4     gpio_tivaware.aem4f : GPIO.oem4f (.text:GPIO_toggle)
                  00004864    000000f4     sysbios.aem4f : m3_Hwi_asm.obj (.text:ti_sysbios_family_arm_m3_Hwi_dispatch__I)
                  00004958    000000f4     main_pem4f.oem4f (.text:ti_uia_loggers_LoggerStopMode_write1__E)
                  00004a4c    000000e8     gpio_tivaware.aem4f : GPIO.oem4f (.text:GPIO_write)
                  00004b34    000000e8     main_pem4f.oem4f (.text:ti_uia_loggers_LoggerStopMode_write0__E)
                  00004c1c    000000d4     sysbios.aem4f : BIOS.obj (.text:ti_sysbios_family_arm_lm4_TimestampProvider_get32__E)
                  00004cf0    000000d4                   : BIOS.obj (.text:ti_sysbios_family_arm_m3_Hwi_postInit__I)
                  00004dc4    000000d4                   : BIOS.obj (.text:ti_sysbios_utils_Load_updateLoads__E)
                  00004e98    000000d0     main.obj (.text:main)
                  00004f68    000000cc     ti.targets.arm.rtsarm.aem4f : Core-smem.oem4f (.text:xdc_runtime_Core_constructObject__I)
                  00005034    000000c4     sysbios.aem4f : BIOS.obj (.text:ti_sysbios_knl_Task_unblockI__E)
                  000050f8    000000c0     uart_tivaware.aem4f : UARTTiva.oem4f (.text:UARTTiva_writeCancel)
                  000051b8    000000bc                         : UARTTiva.oem4f (.text:UARTTiva_readCancel)
                  00005274    000000b8     sysbios.aem4f : BIOS.obj (.text:ti_sysbios_utils_Load_idleFxn__E)
                  0000532c    000000b4                   : BIOS.obj (.text:ti_sysbios_family_arm_lm4_Timer_enableTiva__I)
                  000053e0    000000b4                   : BIOS.obj (.text:ti_sysbios_gates_GateMutex_enter__E)
                  00005494    000000b4                   : BIOS.obj (.text:ti_sysbios_knl_Swi_post__E)
                  00005548    000000b4                   : BIOS.obj (.text:ti_sysbios_knl_Task_checkStacks__E)
                  000055fc    000000b0                   : BIOS.obj (.text:ti_sysbios_family_arm_lm4_Timer_enableTimers__I)
                  000056ac    000000b0                   : BIOS.obj (.text:ti_sysbios_family_arm_m3_Hwi_excHardFault__I)
                  0000575c    000000a8                   : BIOS.obj (.text:ti_sysbios_knl_Task_blockI__E)
                  00005804    000000a8                   : BIOS.obj (.text:ti_sysbios_utils_Load_updateCurrentThreadTime__E)
                  000058ac    000000a4                   : BIOS.obj (.text:ti_sysbios_family_arm_m3_Hwi_excDebugMon__I)
                  00005950    000000a0     uart_tivaware.aem4f : UARTTiva.oem4f (.text:UARTTiva_close)
                  000059f0    000000a0     auto_init.aem4f : auto_init.oem4f (.text)
                  00005a90    000000a0     sysbios.aem4f : BIOS.obj (.text:ti_sysbios_family_arm_m3_Hwi_Instance_init__E)
                  00005b30    0000009c     rtsv7M4_T_le_v4SPD16_eabi.lib : memcpy_t2.obj (.text)
                  00005bcc    0000009c     sysbios.aem4f : BIOS.obj (.text:ti_sysbios_family_arm_lm4_Timer_setNextTick__E)
                  00005c68    0000009c                   : BIOS.obj (.text:ti_sysbios_knl_Semaphore_Instance_init__E)
                  00005d04    0000009a     ti.targets.arm.rtsarm.aem4f : Text.oem4f (.text:xdc_runtime_Text_putSite__E)
                  00005d9e    00000002     main_pem4f.oem4f (.text:ti_sysbios_BIOS_nullFunc__I)
                  00005da0    00000098     sysbios.aem4f : BIOS.obj (.text:ti_sysbios_knl_Clock_startI__E)
                  00005e38    00000094     Boot.aem4f : Boot.oem4f (.text:ti_catalog_arm_cortexm4_tiva_ce_Boot_sysCtlClockSet__E)
                  00005ecc    00000094     ti.targets.arm.rtsarm.aem4f : Text.oem4f (.text:xdc_runtime_Text_putMod__E)
                  00005f60    00000090     ti.uia.loggers.aem4f : LoggerStopMode.oem4f (.text:ti_uia_loggers_LoggerStopMode_initQueueDescriptor__E)
                  00005ff0    0000008c     sysbios.aem4f : m3_TaskSupport_asm.obj (.text:ti_sysbios_family_arm_m3_TaskSupport_buildTaskStack)
                  0000607c    00000088     EK_TM4C123GXL.obj (.text:EK_TM4C123GXL_initGPIO)
                  00006104    00000088     sysbios.aem4f : BIOS.obj (.text:ti_sysbios_family_arm_m3_Hwi_initNVIC__E)
                  0000618c    00000084                   : BIOS.obj (.text:ti_sysbios_knl_Task_Module_startup__E)
                  00006210    00000078     rtsv7M4_T_le_v4SPD16_eabi.lib : memset_t2.obj (.text)
                  00006288    00000070     ti.uia.runtime.aem4f : QueueDescriptor.oem4f (.text:ti_uia_runtime_QueueDescriptor_addToList__E)
                  000062f8    00000070     ti.targets.arm.rtsarm.aem4f : Memory.oem4f (.text:xdc_runtime_Memory_alloc__E)
                  00006368    0000006c                                 : Error.oem4f (.text:xdc_runtime_Error_print__E)
                  000063d4    0000006a     ti.uia.loggers.aem4f : LoggerStopMode.oem4f (.text:ti_uia_loggers_LoggerStopMode_flush__E)
                  0000643e    00000066     ti.targets.arm.rtsarm.aem4f : Core-mem.oem4f (.text:xdc_runtime_Core_deleteObject__I)
                  000064a4    00000064     sysbios.aem4f : BIOS.obj (.text:ti_sysbios_family_arm_lm4_Timer_Module_startup__E)
                  00006508    00000064                   : BIOS.obj (.text:ti_sysbios_family_arm_lm4_Timer_isrStub__E)
                  0000656c    00000064                   : BIOS.obj (.text:ti_sysbios_utils_Load_logCPULoad__I)
                  000065d0    00000060     rtsv7M4_T_le_v4SPD16_eabi.lib : trgmsg.obj (.text)
                  00006630    00000060     sysbios.aem4f : BIOS.obj (.text:ti_sysbios_knl_Clock_logTick__E)
                  00006690    00000060                   : BIOS.obj (.text:ti_sysbios_knl_Swi_schedule__I)
                  000066f0    00000060     ti.targets.arm.rtsarm.aem4f : System.oem4f (.text:xdc_runtime_System_formatNum__I)
                  00006750    0000005e     rtsv7M4_T_le_v4SPD16_eabi.lib : copy_decompress_rle.obj (.text)
                  000067ae    00000002     sysbios.aem4f : BIOS.obj (.text:ti_sysbios_gates_GateHwi_Instance_init__E)
                  000067b0    0000005b     ti.targets.arm.rtsarm.aem4f : Text.oem4f (.text:xdc_runtime_Text_putLab__E)
                  0000680b    00000001     --HOLE-- [fill = 0]
                  0000680c    00000058     boot.aem4f : boot.oem4f (.text)
                  00006864    00000058     main_pem4f.oem4f (.text:ti_sysbios_family_arm_m3_Hwi_construct)
                  000068bc    00000058     sysbios.aem4f : m3_Hwi_asm_switch.obj (.text:ti_sysbios_family_arm_m3_Hwi_initStacks__E)
                  00006914    00000058                   : BIOS.obj (.text:ti_sysbios_knl_Swi_restoreHwi__E)
                  0000696c    00000054                   : BIOS.obj (.text:ti_sysbios_family_arm_m3_Hwi_Instance_finalize__E)
                  000069c0    00000054                   : BIOS.obj (.text:ti_sysbios_family_arm_m3_Hwi_Module_startup__E)
                  00006a14    00000050     ti.targets.arm.rtsarm.aem4f : Startup.oem4f (.text:xdc_runtime_Startup_exec__E)
                  00006a64    00000050                                 : Text.oem4f (.text:xdc_runtime_Text_visitRope2__I)
                  00006ab4    0000004c     sysbios.aem4f : BIOS.obj (.text:ti_sysbios_knl_Swi_runLoop__I)
                  00006b00    0000004c                   : BIOS.obj (.text:ti_sysbios_knl_Task_allBlockedFunction__I)
                  00006b4c    0000004c     ti.uia.loggers.aem4f : LoggerStopMode.oem4f (.text:ti_uia_loggers_LoggerStopMode_Module_startup__E)
                  00006b98    00000048     driverlib.lib : gpio.obj (.text:GPIOPinConfigure)
                  00006be0    00000048     uart_tivaware.aem4f : UART.oem4f (.text:UART_open)
                  00006c28    00000048     sysbios.aem4f : BIOS.obj (.text:ti_sysbios_family_arm_m3_Hwi_excReserved__I)
                  00006c70    00000048                   : BIOS.obj (.text:ti_sysbios_heaps_HeapMem_getStats__E)
                  00006cb8    00000048     ti.uia.loggers.aem4f : LoggerStopMode.oem4f (.text:ti_uia_loggers_LoggerStopMode_initBuffer__I)
                  00006d00    00000048     ti.targets.arm.rtsarm.aem4f : Assert.oem4f (.text:xdc_runtime_Assert_raise__I)
                  00006d48    00000046                                 : Core-params.oem4f (.text:xdc_runtime_Core_assignParams__I)
                  00006d8e    00000002     main_pem4f.oem4f (.text:ti_uia_loggers_LoggerStopMode_setFilterLevel__E)
                  00006d90    00000044     rtsv7M4_T_le_v4SPD16_eabi.lib : cpy_tbl.obj (.text)
                  00006dd4    00000044                                   : exit.obj (.text)
                  00006e18    00000044     sysbios.aem4f : BIOS.obj (.text:ti_sysbios_family_arm_lm4_Timer_stop__E)
                  00006e5c    00000044                   : BIOS.obj (.text:ti_sysbios_family_arm_m3_Hwi_disableInterrupt__E)
                  00006ea0    00000044                   : BIOS.obj (.text:ti_sysbios_family_arm_m3_Hwi_enableInterrupt__E)
                  00006ee4    00000044     ti.targets.arm.rtsarm.aem4f : Error.oem4f (.text:xdc_runtime_Error_setX__E)
                  00006f28    00000044                                 : SysMin.oem4f (.text:xdc_runtime_SysMin_flush__E)
                  00006f6c    00000042     driverlib.lib : uart.obj (.text:UARTConfigSetExpClk)
                  00006fae    00000042     rtsv7M4_T_le_v4SPD16_eabi.lib : u_divt2.obj (.text)
                  00006ff0    00000040     EK_TM4C123GXL.obj (.text:EK_TM4C123GXL_initGeneral)
                  00007030    00000040     sysbios.aem4f : BIOS.obj (.text:ti_sysbios_family_arm_lm4_Timer_getCurrentTick__E)
                  00007070    00000040                   : BIOS.obj (.text:ti_sysbios_family_arm_lm4_Timer_startup__E)
                  000070b0    00000040                   : BIOS.obj (.text:ti_sysbios_knl_Swi_startup__E)
                  000070f0    0000003c     main.obj (.text:TSK_heartBeatFxn)
                  0000712c    0000003c     sysbios.aem4f : BIOS.obj (.text:ti_sysbios_family_arm_m3_Hwi_excSvCall__I)
                  00007168    0000003c                   : BIOS.obj (.text:ti_sysbios_family_arm_m3_TaskSupport_start__E)
                  000071a4    0000003c                   : BIOS.obj (.text:ti_sysbios_heaps_HeapMem_init__I)
                  000071e0    0000003c     ti.targets.arm.rtsarm.aem4f : Text.oem4f (.text:xdc_runtime_Text_xprintf__I)
                  0000721c    00000038     uart_tivaware.aem4f : UART.oem4f (.text:UART_init)
                  00007254    00000038     sysbios.aem4f : BIOS.obj (.text:ti_sysbios_family_arm_m3_Hwi_excNoIsr__I)
                  0000728c    00000038                   : BIOS.obj (.text:ti_sysbios_family_arm_m3_Hwi_getStackInfo__E)
                  000072c4    00000038                   : BIOS.obj (.text:ti_sysbios_knl_Semaphore_pendTimeout__I)
                  000072fc    00000038     ti.targets.arm.rtsarm.aem4f : SysMin.oem4f (.text:xdc_runtime_SysMin_putch__E)
                  00007334    00000038                                 : System.oem4f (.text:xdc_runtime_System_atexit__E)
                  0000736c    00000034     driverlib.lib : sysctl.obj (.text:SysCtlPeripheralEnable)
                  000073a0    00000034     uart_tivaware.aem4f : UART.oem4f (.text:UART_Params_init)
                  000073d4    00000034                         : UART.oem4f (.text:UART_read)
                  00007408    00000034                         : UART.oem4f (.text:UART_write)
                  0000743c    00000034     sysbios.aem4f : BIOS.obj (.text:ti_sysbios_family_arm_m3_Hwi_excNmi__I)
                  00007470    00000034                   : BIOS.obj (.text:ti_sysbios_hal_Hwi_checkStack)
                  000074a4    00000034                   : BIOS.obj (.text:ti_sysbios_knl_Task_restore__E)
                  000074d8    00000034     ti.uia.loggers.aem4f : LoggerStopMode.oem4f (.text:ti_uia_loggers_LoggerStopMode_reset__E)
                  0000750c    00000034     ti.targets.arm.rtsarm.aem4f : Core-label.oem4f (.text:xdc_runtime_Core_assignLabel__I)
                  00007540    00000033                                 : Text.oem4f (.text:xdc_runtime_Text_printVisFxn__I)
                  00007573    00000001     --HOLE-- [fill = 0]
                  00007574    00000030     main_pem4f.oem4f (.text:ti_sysbios_BIOS_atExitFunc__I)
                  000075a4    00000030     main_pem4f.oem4f (.text:ti_sysbios_gates_GateHwi_Object__create__S)
                  000075d4    00000030     main_pem4f.oem4f (.text:ti_sysbios_gates_GateMutex_Object__create__S)
                  00007604    00000030     main_pem4f.oem4f (.text:ti_sysbios_heaps_HeapMem_Object__create__S)
                  00007634    00000030     main_pem4f.oem4f (.text:ti_sysbios_knl_Semaphore_construct)
                  00007664    00000030     main_pem4f.oem4f (.text:ti_uia_loggers_LoggerStopMode_Object__create__S)
                  00007694    00000030     ti.targets.arm.rtsarm.aem4f : SysMin.oem4f (.text:xdc_runtime_SysMin_abort__E)
                  000076c4    00000030                                 : System.oem4f (.text:xdc_runtime_System_processAtExit__E)
                  000076f4    0000002c     EK_TM4C123GXL.obj (.text:EK_TM4C123GXL_initUART)
                  00007720    0000002c     sysbios.aem4f : BIOS.obj (.text:ti_sysbios_hal_Hwi_initStack)
                  0000774c    0000002c                   : BIOS.obj (.text:ti_sysbios_knl_Clock_Module_startup__E)
                  00007778    0000002c     main_pem4f.oem4f (.text:ti_sysbios_knl_Clock_doTick__I)
                  000077a4    0000002c     main_pem4f.oem4f (.text:ti_sysbios_knl_Queue_construct)
                  000077d0    0000002c     ti.targets.arm.rtsarm.aem4f : Text.oem4f (.text:xdc_runtime_Text_cordText__E)
                  000077fc    0000002a     driverlib.lib : gpio.obj (.text:GPIODirModeSet)
                  00007826    0000002a     ti.targets.arm.rtsarm.aem4f : System.oem4f (.text:xdc_runtime_System_putchar__I)
                  00007850    00000026     sysbios.aem4f : m3_Hwi_asm.obj (.text:ti_sysbios_family_arm_m3_Hwi_pendSV__I)
                  00007876    00000026     ti.targets.arm.rtsarm.aem4f : System.oem4f (.text:xdc_runtime_System_avprintf__E)
                  0000789c    00000024     gpio_tivaware.aem4f : GPIO.oem4f (.text:GPIO_init)
                  000078c0    00000024     main_pem4f.oem4f (.text:ti_sysbios_BIOS_errorRaiseHook__I)
                  000078e4    00000024     main_pem4f.oem4f (.text:ti_sysbios_BIOS_registerRTSLock__I)
                  00007908    00000024     main_pem4f.oem4f (.text:ti_sysbios_BIOS_removeRTSLock__I)
                  0000792c    00000024     main_pem4f.oem4f (.text:ti_sysbios_BIOS_startFunc__I)
                  00007950    00000024     sysbios.aem4f : BIOS.obj (.text:ti_sysbios_family_arm_m3_Hwi_doTaskRestore__I)
                  00007974    00000024     main_pem4f.oem4f (.text:ti_sysbios_gates_GateMutex_Object__delete__S)
                  00007998    00000024     sysbios.aem4f : BIOS.obj (.text:ti_sysbios_knl_Swi_Module_startup__E)
                  000079bc    00000024     ti.targets.arm.rtsarm.aem4f : System.oem4f (.text:xdc_runtime_System_vprintf__E)
                  000079e0    00000022     main_pem4f.oem4f (.text:xdc_runtime_SysMin_output__I)
                  00007a02    00000002     ti.uia.loggers.aem4f : LoggerStopMode.oem4f (.text:ti_uia_loggers_LoggerStopMode_setPriority__E)
                  00007a04    00000020     sysbios.aem4f : m3_Hwi_asm.obj (.text:ti_sysbios_family_arm_m3_Hwi_excHandlerAsm__I)
                  00007a24    00000020                   : BIOS.obj (.text:ti_sysbios_family_arm_m3_Hwi_excHandler__I)
                  00007a44    00000020     main_pem4f.oem4f (.text:ti_sysbios_gates_GateHwi_Object__delete__S)
                  00007a64    00000020     main_pem4f.oem4f (.text:ti_sysbios_heaps_HeapMem_Object__delete__S)
                  00007a84    00000020     sysbios.aem4f : BIOS.obj (.text:ti_sysbios_knl_Idle_run__E)
                  00007aa4    00000020     main_pem4f.oem4f (.text:ti_sysbios_knl_Semaphore_Object__destruct__S)
                  00007ac4    00000020     sysbios.aem4f : BIOS.obj (.text:ti_sysbios_knl_Task_enter__I)
                  00007ae4    00000020                   : BIOS.obj (.text:ti_sysbios_knl_Task_sleepTimeout__I)
                  00007b04    00000020     main_pem4f.oem4f (.text:ti_uia_loggers_LoggerStopMode_Object__delete__S)
                  00007b24    00000020     ti.targets.arm.rtsarm.aem4f : Registry.oem4f (.text:xdc_runtime_Registry_findById__E)
                  00007b44    00000020                                 : SysMin.oem4f (.text:xdc_runtime_SysMin_Module_startup__E)
                  00007b64    0000001e     sysbios.aem4f : m3_Hwi_asm_switch.obj (.text:ti_sysbios_family_xxx_Hwi_switchAndRunFunc)
                  00007b82    00000002     main_pem4f.oem4f (.text:xdc_runtime_Startup_reset__I)
                  00007b84    0000001c     driverlib.lib : uart.obj (.text:UARTDisable)
                  00007ba0    0000001c     main_pem4f.oem4f (.text:ti_sysbios_BIOS_rtsLock__I)
                  00007bbc    0000001c     main_pem4f.oem4f (.text:ti_sysbios_family_arm_m3_Hwi_Object__destruct__S)
                  00007bd8    0000001c     sysbios.aem4f : BIOS.obj (.text:ti_sysbios_gates_GateMutex_Instance_init__E)
                  00007bf4    0000001c     main_pem4f.oem4f (.text:ti_sysbios_knl_Queue_Object__destruct__S)
                  00007c10    0000001c     ti.targets.arm.rtsarm.aem4f : Error.oem4f (.text:xdc_runtime_Error_raiseX__E)
                  00007c2c    0000001c                                 : Memory.oem4f (.text:xdc_runtime_Memory_valloc__E)
                  00007c48    0000001c                                 : SysMin.oem4f (.text:xdc_runtime_SysMin_exit__E)
                  00007c64    0000001c                                 : System.oem4f (.text:xdc_runtime_System_abort__E)
                  00007c80    0000001a     main_pem4f.oem4f (.text:ti_sysbios_family_arm_m3_Hwi_Handle__label__S)
                  00007c9a    0000001a     main_pem4f.oem4f (.text:ti_sysbios_gates_GateHwi_Handle__label__S)
                  00007cb4    0000001a     main_pem4f.oem4f (.text:ti_sysbios_gates_GateMutex_Handle__label__S)
                  00007cce    0000001a     main_pem4f.oem4f (.text:ti_sysbios_heaps_HeapMem_Handle__label__S)
                  00007ce8    0000001a     main_pem4f.oem4f (.text:ti_sysbios_knl_Swi_Handle__label__S)
                  00007d02    0000001a     main_pem4f.oem4f (.text:ti_sysbios_knl_Task_Handle__label__S)
                  00007d1c    0000001a     main_pem4f.oem4f (.text:ti_uia_loggers_LoggerStopMode_Handle__label__S)
                  00007d36    0000001a     ti.uia.loggers.aem4f : LoggerStopMode.oem4f (.text:ti_uia_loggers_LoggerStopMode_Instance_init__E)
                  00007d50    0000001a     main_pem4f.oem4f (.text:xdc_runtime_System_aprintf__E)
                  00007d6a    0000001a     main_pem4f.oem4f (.text:xdc_runtime_System_printf__E)
                  00007d84    00000018     main.obj (.text:FXN_uart_callback)
                  00007d9c    00000018     driverlib.lib : gpio.obj (.text:GPIOPinTypeGPIOOutput)
                  00007db4    00000018     rtsv7M4_T_le_v4SPD16_eabi.lib : args_main.obj (.text)
                  00007dcc    00000018                                   : strcmp.obj (.text)
                  00007de4    00000018     main_pem4f.oem4f (.text:ti_sysbios_BIOS_rtsUnlock__I)
                  00007dfc    00000018     main_pem4f.oem4f (.text:ti_sysbios_family_arm_lm4_Timer_Module__startupDone__F)
                  00007e14    00000018     main_pem4f.oem4f (.text:ti_sysbios_family_arm_m3_Hwi_Module__startupDone__F)
                  00007e2c    00000018     sysbios.aem4f : m3_TaskSupport_asm.obj (.text:ti_sysbios_family_arm_m3_TaskSupport_swap__E)
                  00007e44    00000018                   : BIOS.obj (.text:ti_sysbios_gates_GateMutex_leave__E)
                  00007e5c    00000018     ti.targets.arm.rtsarm.aem4f : Error.oem4f (.text:xdc_runtime_Error_check__E)
                  00007e74    00000018                                 : System.oem4f (.text:xdc_runtime_System_exit__E)
                  00007e8c    00000018                                 : Text.oem4f (.text:xdc_runtime_Text_ropeText__E)
                  00007ea4    00000016     main_pem4f.oem4f (.text:ti_sysbios_BIOS_exitFunc__I)
                  00007eba    00000016     ti.uia.loggers.aem4f : LoggerStopMode.oem4f (.text:ti_uia_loggers_LoggerStopMode_disable__E)
                  00007ed0    00000016                          : LoggerStopMode.oem4f (.text:ti_uia_loggers_LoggerStopMode_enable__E)
                  00007ee6    00000014     driverlib.lib : uart.obj (.text:UARTEnable)
                  00007efa    00000002     --HOLE-- [fill = 0]
                  00007efc    00000014     rtsv7M4_T_le_v4SPD16_eabi.lib : _lock.obj (.text)
                  00007f10    00000014                                   : strlen.obj (.text)
                  00007f24    00000014     main_pem4f.oem4f (.text:ti_sysbios_family_arm_m3_Hwi_Object__get__S)
                  00007f38    00000014     sysbios.aem4f : BIOS.obj (.text:ti_sysbios_family_arm_m3_Hwi_disableFxn__E)
                  00007f4c    00000014                   : BIOS.obj (.text:ti_sysbios_family_arm_m3_Hwi_switchFromBootStack__E)
                  00007f60    00000014                   : BIOS.obj (.text:ti_sysbios_gates_GateHwi_enter__E)
                  00007f74    00000014     main_pem4f.oem4f (.text:ti_sysbios_heaps_HeapMem_Object__get__S)
                  00007f88    00000014     main_pem4f.oem4f (.text:ti_sysbios_knl_Swi_Object__get__S)
                  00007f9c    00000014     main_pem4f.oem4f (.text:ti_sysbios_knl_Task_Object__first__S)
                  00007fb0    00000014     main_pem4f.oem4f (.text:ti_sysbios_knl_Task_Object__next__S)
                  00007fc4    00000012     driverlib.lib : gpio.obj (.text:GPIOPinTypeGPIOInput)
                  00007fd6    00000012                   : gpio.obj (.text:GPIOPinTypeUART)
                  00007fe8    00000012     rtsv7M4_T_le_v4SPD16_eabi.lib : copy_zero_init.obj (.text:decompress:ZI)
                  00007ffa    00000012     sysbios.aem4f : BIOS.obj (.text:ti_sysbios_hal_Hwi_Module_startup__E)
                  0000800c    00000012     main_pem4f.oem4f (.text:xdc_runtime_Startup_exec__I)
                  0000801e    00000010     rtsv7M4_T_le_v4SPD16_eabi.lib : strcpy.obj (.text)
                  0000802e    00000002     --HOLE-- [fill = 0]
                  00008030    00000010     sysbios.aem4f : BIOS.obj (.text:ti_sysbios_BIOS_getCpuFreq__E)
                  00008040    00000010                   : BIOS.obj (.text:ti_sysbios_BIOS_setThreadType__E)
                  00008050    00000010                   : BIOS.obj (.text:ti_sysbios_BIOS_start__E)
                  00008060    00000010                   : BIOS.obj (.text:ti_sysbios_family_arm_lm4_TimestampProvider_rolloverFunc__E)
                  00008070    00000010                   : m3_TaskSupport_asm.obj (.text:ti_sysbios_family_arm_m3_TaskSupport_glue)
                  00008080    00000010                   : BIOS.obj (.text:ti_sysbios_gates_GateMutex_Instance_finalize__E)
                  00008090    00000010                   : BIOS.obj (.text:ti_sysbios_knl_Semaphore_Instance_finalize__E)
                  000080a0    00000010                   : BIOS.obj (.text:ti_sysbios_knl_Swi_disable__E)
                  000080b0    00000010     main_pem4f.oem4f (.text:ti_sysbios_knl_Task_Object__get__S)
                  000080c0    00000010     sysbios.aem4f : BIOS.obj (.text:ti_sysbios_knl_Task_disable__E)
                  000080d0    00000010     main_pem4f.oem4f (.text:ti_uia_loggers_LoggerStopMode_Object__get__S)
                  000080e0    00000010     ti.uia.loggers.aem4f : LoggerStopMode.oem4f (.text:ti_uia_loggers_LoggerStopMode_isEmpty__E)
                  000080f0    00000010     ti.targets.arm.rtsarm.aem4f : Gate.oem4f (.text:xdc_runtime_Gate_leaveSystem__E)
                  00008100    00000010                                 : Memory.oem4f (.text:xdc_runtime_Memory_free__E)
                  00008110    00000010                                 : SysMin.oem4f (.text:xdc_runtime_SysMin_ready__E)
                  00008120    00000010                                 : System.oem4f (.text:xdc_runtime_System_vsnprintf__E)
                  00008130    00000010     main_pem4f.oem4f (.text:xdc_runtime_Text_visitRope__I)
                  00008140    0000000e     driverlib.lib : uart.obj (.text:UARTCharGetNonBlocking)
                  0000814e    0000000e                   : uart.obj (.text:UARTCharPutNonBlocking)
                  0000815c    0000000e     rtsv7M4_T_le_v4SPD16_eabi.lib : copy_decompress_none.obj (.text:decompress:none)
                  0000816a    0000000e     sysbios.aem4f : BIOS.obj (.text:ti_sysbios_knl_Queue_empty__E)
                  00008178    0000000c     main_pem4f.oem4f (.text:.bootCodeSection:ti_catalog_arm_cortexm4_tiva_ce_Boot_init__I)
                  00008184    0000000c     sysbios.aem4f : BIOS.obj (.text:ti_sysbios_family_arm_lm4_Timer_getMaxTicks__E)
                  00008190    0000000c                   : BIOS.obj (.text:ti_sysbios_family_arm_lm4_TimestampProvider_startTimer__E)
                  0000819c    0000000c     main_pem4f.oem4f (.text:ti_sysbios_family_arm_m3_Hwi_Params__init__S)
                  000081a8    0000000c     sysbios.aem4f : BIOS.obj (.text:ti_sysbios_family_arm_m3_TaskSupport_checkStack__E)
                  000081b4    0000000c     main_pem4f.oem4f (.text:ti_sysbios_knl_Queue_Object__get__S)
                  000081c0    0000000c     main_pem4f.oem4f (.text:ti_sysbios_knl_Semaphore_Params__init__S)
                  000081cc    0000000c     ti.targets.arm.rtsarm.aem4f : Error.oem4f (.text:xdc_runtime_Error_init__E)
                  000081d8    0000000c                                 : Gate.oem4f (.text:xdc_runtime_Gate_enterSystem__E)
                  000081e4    0000000c                                 : Memory.oem4f (.text:xdc_runtime_Memory_calloc__E)
                  000081f0    0000000c                                 : Memory.oem4f (.text:xdc_runtime_Memory_getMaxDefaultTypeAlign__E)
                  000081fc    0000000a     driverlib.lib : uart.obj (.text:UARTCharGet)
                  00008206    0000000a                   : uart.obj (.text:UARTCharPut)
                  00008210    0000000a                   : uart.obj (.text:UARTIntDisable)
                  0000821a    0000000a                   : uart.obj (.text:UARTIntStatus)
                  00008224    0000000a     main_pem4f.oem4f (.text:xdc_runtime_IHeap_alloc)
                  0000822e    0000000a     main_pem4f.oem4f (.text:xdc_runtime_IHeap_free)
                  00008238    00000008     driverlib.lib : uart.obj (.text:UARTIntEnable)
                  00008240    00000008     uart_tivaware.aem4f : UARTTiva.oem4f (.text:UARTTiva_init)
                  00008248    00000008                         : UARTTiva.oem4f (.text:readSemCallback)
                  00008250    00000008     sysbios.aem4f : BIOS.obj (.text:ti_sysbios_family_arm_lm4_Timer_masterDisable__I)
                  00008258    00000008                   : BIOS.obj (.text:ti_sysbios_family_arm_m3_Hwi_doSwiRestore__I)
                  00008260    00000008                   : BIOS.obj (.text:ti_sysbios_family_arm_m3_Hwi_startup__E)
                  00008268    00000008                   : BIOS.obj (.text:ti_sysbios_knl_Idle_loop__E)
                  00008270    00000008     uart_tivaware.aem4f : UARTTiva.oem4f (.text:writeSemCallback)
                  00008278    00000006     driverlib.lib : gpio.obj (.text:GPIOPinRead)
                  0000827e    00000006                   : gpio.obj (.text:GPIOPinWrite)
                  00008284    00000006                   : uart.obj (.text:UARTFIFOLevelSet)
                  0000828a    00000006     ti.targets.arm.rtsarm.aem4f : xdc_noinit.oem4f (.text:__xdc__init)
                  00008290    00000006     rtsv7M4_T_le_v4SPD16_eabi.lib : copy_decompress_rle.obj (.text:decompress:rle24)
                  00008296    00000006     Boot.aem4f : Boot_sysctl.oem4f (.text:ti_catalog_arm_cortexm4_tiva_ce_Boot_sysCtlDelayI__I)
                  0000829c    00000006     sysbios.aem4f : BIOS.obj (.text:ti_sysbios_family_arm_lm4_TimestampProvider_Module_startup__E)
                  000082a2    00000006                   : BIOS.obj (.text:ti_sysbios_family_arm_m3_Hwi_restoreFxn__E)
                  000082a8    00000006                   : BIOS.obj (.text:ti_sysbios_gates_GateHwi_leave__E)
                  000082ae    00000006                   : BIOS.obj (.text:ti_sysbios_heaps_HeapMem_isBlocking__E)
                  000082b4    00000006                   : BIOS.obj (.text:ti_sysbios_knl_Queue_Instance_init__E)
                  000082ba    00000006     ti.targets.arm.rtsarm.aem4f : System.oem4f (.text:xdc_runtime_System_Module_startup__E)
                  000082c0    00000004     driverlib.lib : uart.obj (.text:UARTIntClear)
                  000082c4    00000004     main_pem4f.oem4f (.text:ti_sysbios_BIOS_RtsGateProxy_enter__E)
                  000082c8    00000004     main_pem4f.oem4f (.text:ti_sysbios_BIOS_RtsGateProxy_leave__E)
                  000082cc    00000004     sysbios.aem4f : BIOS.obj (.text:ti_sysbios_family_arm_lm4_Timer_getPeriod__E)
                  000082d0    00000004                   : BIOS.obj (.text:ti_sysbios_family_arm_lm4_Timer_masterEnable__I)
                  000082d4    00000004     main_pem4f.oem4f (.text:ti_sysbios_family_arm_m3_Hwi_destruct)
                  000082d8    00000004     main_pem4f.oem4f (.text:ti_sysbios_family_arm_m3_TaskSupport_Module__startupDone__S)
                  000082dc    00000004     sysbios.aem4f : BIOS.obj (.text:ti_sysbios_gates_GateHwi_query__E)
                  000082e0    00000004                   : BIOS.obj (.text:ti_sysbios_gates_GateMutex_query__E)
                  000082e4    00000004     main_pem4f.oem4f (.text:ti_sysbios_hal_Hwi_HwiProxy_Module__startupDone__S)
                  000082e8    00000004     main_pem4f.oem4f (.text:ti_sysbios_heaps_HeapMem_Module_GateProxy_enter__E)
                  000082ec    00000004     main_pem4f.oem4f (.text:ti_sysbios_heaps_HeapMem_Module_GateProxy_leave__E)
                  000082f0    00000004     main_pem4f.oem4f (.text:ti_sysbios_knl_Clock_TimerProxy_Module__startupDone__S)
                  000082f4    00000004     main_pem4f.oem4f (.text:ti_sysbios_knl_Clock_TimerProxy_getCurrentTick__E)
                  000082f8    00000004     main_pem4f.oem4f (.text:ti_sysbios_knl_Clock_TimerProxy_getMaxTicks__E)
                  000082fc    00000004     main_pem4f.oem4f (.text:ti_sysbios_knl_Clock_TimerProxy_getPeriod__E)
                  00008300    00000004     main_pem4f.oem4f (.text:ti_sysbios_knl_Clock_TimerProxy_setNextTick__E)
                  00008304    00000004     main_pem4f.oem4f (.text:ti_sysbios_knl_Queue_destruct)
                  00008308    00000004     main_pem4f.oem4f (.text:ti_sysbios_knl_Semaphore_destruct)
                  0000830c    00000004     main_pem4f.oem4f (.text:ti_sysbios_knl_Task_SupportProxy_Module__startupDone__S)
                  00008310    00000004     sysbios.aem4f : BIOS.obj (.text:ti_sysbios_knl_Task_startup__E)
                  00008314    00000004     ti.uia.loggers.aem4f : LoggerStopMode.oem4f (.text:ti_uia_loggers_LoggerStopMode_getContents__E)
                  00008318    00000004     main_pem4f.oem4f (.text:ti_uia_loggers_LoggerStopMode_getFilterLevel__E)
                  0000831c    00000004     ti.uia.loggers.aem4f : LoggerStopMode.oem4f (.text:ti_uia_loggers_LoggerStopMode_getInstanceId__E)
                  00008320    00000004                          : LoggerStopMode.oem4f (.text:ti_uia_loggers_LoggerStopMode_getMaxLength__E)
                  00008324    00000004                          : LoggerStopMode.oem4f (.text:ti_uia_loggers_LoggerStopMode_getPriority__E)
                  00008328    00000004                          : LoggerStopMode.oem4f (.text:ti_uia_loggers_LoggerStopMode_getTransferType__E)
                  0000832c    00000004     ti.targets.arm.rtsarm.aem4f : Error.oem4f (.text:xdc_runtime_Error_getSite__E)
                  00008330    00000004     main_pem4f.oem4f (.text:xdc_runtime_Memory_HeapProxy_alloc__E)
                  00008334    00000004     main_pem4f.oem4f (.text:xdc_runtime_Memory_HeapProxy_free__E)
                  00008338    00000004     main_pem4f.oem4f (.text:xdc_runtime_System_Module_GateProxy_enter__E)
                  0000833c    00000004     main_pem4f.oem4f (.text:xdc_runtime_System_Module_GateProxy_leave__E)
                  00008340    00000004     ti.targets.arm.rtsarm.aem4f : System.oem4f (.text:xdc_runtime_System_aprintf_va__F)
                  00008344    00000004                                 : System.oem4f (.text:xdc_runtime_System_printf_va__F)

.const     0    00008348    00002721     
                  00008348    00001e63     main_pem4f.oem4f (.const:xdc_runtime_Text_charTab__A)
                  0000a1ab    00000001     main_pem4f.oem4f (.const:ti_sysbios_knl_Clock_tickMode__C)
                  0000a1ac    00000100     main_pem4f.oem4f (.const:xdc_runtime_Text_nodeTab__A)
                  0000a2ac    00000090     driverlib.lib : gpio.obj (.const:g_pui32GPIOBaseAddrs)
                  0000a33c    00000060     main_pem4f.oem4f (.const:ti_uia_loggers_LoggerStopMode_Module__FXNS__C)
                  0000a39c    00000048     main_pem4f.oem4f (.const:.string)
                  0000a3e4    0000003c     EK_TM4C123GXL.obj (.const:gpioHWAttrs)
                  0000a420    00000038     EK_TM4C123GXL.obj (.const)
                  0000a458    00000030     main_pem4f.oem4f (.const:ti_sysbios_family_arm_m3_Hwi_Object__PARAMS__C)
                  0000a488    00000028     main_pem4f.oem4f (.const:ti_sysbios_heaps_HeapMem_Module__FXNS__C)
                  0000a4b0    00000028     main_pem4f.oem4f (.const:ti_uia_loggers_LoggerStopMode_Object__PARAMS__C)
                  0000a4d8    00000028     main_pem4f.oem4f (.const:xdc_runtime_Startup_sfxnTab__A)
                  0000a500    00000024     uart_tivaware.aem4f : UARTTiva.oem4f (.const:UARTTiva_fxnTable)
                  0000a524    00000024     main_pem4f.oem4f (.const:ti_sysbios_gates_GateHwi_Module__FXNS__C)
                  0000a548    00000024     main_pem4f.oem4f (.const:ti_sysbios_gates_GateMutex_Module__FXNS__C)
                  0000a56c    00000024     main_pem4f.oem4f (.const:ti_sysbios_heaps_HeapMem_Object__PARAMS__C)
                  0000a590    00000024     main_pem4f.oem4f (.const:ti_sysbios_knl_Semaphore_Object__PARAMS__C)
                  0000a5b4    00000020     main_pem4f.oem4f (.const:ti_sysbios_family_arm_m3_Hwi_Object__DESC__C)
                  0000a5d4    00000020     main_pem4f.oem4f (.const:ti_sysbios_gates_GateHwi_Object__DESC__C)
                  0000a5f4    00000020     main_pem4f.oem4f (.const:ti_sysbios_gates_GateMutex_Object__DESC__C)
                  0000a614    00000020     main_pem4f.oem4f (.const:ti_sysbios_heaps_HeapMem_Object__DESC__C)
                  0000a634    00000020     main_pem4f.oem4f (.const:ti_sysbios_knl_Queue_Object__DESC__C)
                  0000a654    00000020     main_pem4f.oem4f (.const:ti_sysbios_knl_Semaphore_Object__DESC__C)
                  0000a674    00000020     main_pem4f.oem4f (.const:ti_uia_loggers_LoggerStopMode_Object__DESC__C)
                  0000a694    00000020     uart_tivaware.aem4f : UART.oem4f (.const)
                  0000a6b4    00000018     main_pem4f.oem4f (.const:ti_sysbios_gates_GateHwi_Object__PARAMS__C)
                  0000a6cc    00000018     main_pem4f.oem4f (.const:ti_sysbios_gates_GateMutex_Object__PARAMS__C)
                  0000a6e4    00000018     main_pem4f.oem4f (.const:ti_sysbios_knl_Queue_Object__PARAMS__C)
                  0000a6fc    00000014     main_pem4f.oem4f (.const:xdc_runtime_Startup_firstFxns__A)
                  0000a710    00000014     main_pem4f.oem4f (.const:xdc_runtime_Startup_sfxnRts__A)
                  0000a724    00000011     ti.targets.arm.rtsarm.aem4f : System.oem4f (.const:.string)
                  0000a735    00000001     main_pem4f.oem4f (.const:ti_sysbios_knl_Clock_tickSource__C)
                  0000a736    00000002     main_pem4f.oem4f (.const:ti_catalog_arm_cortexm4_tiva_ce_Boot_Module__id__C)
                  0000a738    00000010     main_pem4f.oem4f (.const)
                  0000a748    00000008     main_pem4f.oem4f (.const:ti_sysbios_family_arm_m3_Hwi_excHookFuncs__A)
                  0000a750    00000008     main_pem4f.oem4f (.const:ti_sysbios_knl_Idle_funcList__A)
                  0000a758    00000008     main_pem4f.oem4f (.const:ti_sysbios_knl_Idle_funcList__C)
                  0000a760    00000008     main_pem4f.oem4f (.const:ti_sysbios_knl_Task_hooks__C)
                  0000a768    00000008     main_pem4f.oem4f (.const:xdc_runtime_Startup_firstFxns__C)
                  0000a770    00000008     main_pem4f.oem4f (.const:xdc_runtime_Startup_lastFxns__C)
                  0000a778    00000004     main_pem4f.oem4f (.const:ti_catalog_arm_cortexm4_tiva_ce_Boot_A_mustUseEnhancedClockMode__C)
                  0000a77c    00000004     main_pem4f.oem4f (.const:ti_catalog_arm_cortexm4_tiva_ce_Boot_Module__diagsEnabled__C)
                  0000a780    00000004     main_pem4f.oem4f (.const:ti_catalog_arm_cortexm4_tiva_ce_Boot_Module__diagsIncluded__C)
                  0000a784    00000004     main_pem4f.oem4f (.const:ti_catalog_arm_cortexm4_tiva_ce_Boot_Module__diagsMask__C)
                  0000a788    00000004     main_pem4f.oem4f (.const:ti_sysbios_family_arm_lm4_Timer_enableFunc__C)
                  0000a78c    00000004     main_pem4f.oem4f (.const:ti_sysbios_family_arm_lm4_Timer_numTimerDevices__C)
                  0000a790    00000004     main_pem4f.oem4f (.const:ti_sysbios_family_arm_lm4_Timer_startupNeeded__C)
                  0000a794    00000004     main_pem4f.oem4f (.const:ti_sysbios_family_arm_m3_Hwi_E_NMI__C)
                  0000a798    00000004     main_pem4f.oem4f (.const:ti_sysbios_family_arm_m3_Hwi_E_alreadyDefined__C)
                  0000a79c    00000004     main_pem4f.oem4f (.const:ti_sysbios_family_arm_m3_Hwi_E_busFault__C)
                  0000a7a0    00000004     main_pem4f.oem4f (.const:ti_sysbios_family_arm_m3_Hwi_E_debugMon__C)
                  0000a7a4    00000004     main_pem4f.oem4f (.const:ti_sysbios_family_arm_m3_Hwi_E_hardFault__C)
                  0000a7a8    00000004     main_pem4f.oem4f (.const:ti_sysbios_family_arm_m3_Hwi_E_hwiLimitExceeded__C)
                  0000a7ac    00000004     main_pem4f.oem4f (.const:ti_sysbios_family_arm_m3_Hwi_E_memFault__C)
                  0000a7b0    00000004     main_pem4f.oem4f (.const:ti_sysbios_family_arm_m3_Hwi_E_noIsr__C)
                  0000a7b4    00000004     main_pem4f.oem4f (.const:ti_sysbios_family_arm_m3_Hwi_E_reserved__C)
                  0000a7b8    00000004     main_pem4f.oem4f (.const:ti_sysbios_family_arm_m3_Hwi_E_svCall__C)
                  0000a7bc    00000004     main_pem4f.oem4f (.const:ti_sysbios_family_arm_m3_Hwi_E_usageFault__C)
                  0000a7c0    00000004     main_pem4f.oem4f (.const:ti_sysbios_family_arm_m3_Hwi_LD_end__C)
                  0000a7c4    00000004     main_pem4f.oem4f (.const:ti_sysbios_family_arm_m3_Hwi_LM_begin__C)
                  0000a7c8    00000004     main_pem4f.oem4f (.const:ti_sysbios_family_arm_m3_Hwi_Module__diagsEnabled__C)
                  0000a7cc    00000004     main_pem4f.oem4f (.const:ti_sysbios_family_arm_m3_Hwi_Module__diagsIncluded__C)
                  0000a7d0    00000004     main_pem4f.oem4f (.const:ti_sysbios_family_arm_m3_Hwi_Module__diagsMask__C)
                  0000a7d4    00000004     main_pem4f.oem4f (.const:ti_sysbios_family_arm_m3_Hwi_Module__loggerFxn1__C)
                  0000a7d8    00000004     main_pem4f.oem4f (.const:ti_sysbios_family_arm_m3_Hwi_Module__loggerFxn8__C)
                  0000a7dc    00000004     main_pem4f.oem4f (.const:ti_sysbios_family_arm_m3_Hwi_Module__loggerObj__C)
                  0000a7e0    00000004     main_pem4f.oem4f (.const:ti_sysbios_family_arm_m3_Hwi_NUM_INTERRUPTS__C)
                  0000a7e4    00000004     main_pem4f.oem4f (.const:ti_sysbios_family_arm_m3_Hwi_Object__count__C)
                  0000a7e8    00000004     main_pem4f.oem4f (.const:ti_sysbios_family_arm_m3_Hwi_ccr__C)
                  0000a7ec    00000004     main_pem4f.oem4f (.const:ti_sysbios_family_arm_m3_Hwi_disablePriority__C)
                  0000a7f0    00000004     main_pem4f.oem4f (.const:ti_sysbios_family_arm_m3_Hwi_excHandlerFunc__C)
                  0000a7f4    00000004     main_pem4f.oem4f (.const:ti_sysbios_family_arm_m3_Hwi_excHookFuncs__C)
                  0000a7f8    00000004     main_pem4f.oem4f (.const:ti_sysbios_family_arm_m3_Hwi_nullIsrFunc__C)
                  0000a7fc    00000004     main_pem4f.oem4f (.const:ti_sysbios_family_arm_m3_Hwi_numSparseInterrupts__C)
                  0000a800    00000004     main_pem4f.oem4f (.const:ti_sysbios_family_arm_m3_Hwi_priGroup__C)
                  0000a804    00000004     main_pem4f.oem4f (.const:ti_sysbios_gates_GateMutex_A_badContext__C)
                  0000a808    00000004     main_pem4f.oem4f (.const:ti_sysbios_gates_GateMutex_Instance_State_sem__O)
                  0000a80c    00000004     main_pem4f.oem4f (.const:ti_sysbios_gates_GateMutex_Module__diagsEnabled__C)
                  0000a810    00000004     main_pem4f.oem4f (.const:ti_sysbios_gates_GateMutex_Module__diagsIncluded__C)
                  0000a814    00000004     main_pem4f.oem4f (.const:ti_sysbios_gates_GateMutex_Module__diagsMask__C)
                  0000a818    00000004     main_pem4f.oem4f (.const:ti_sysbios_hal_Hwi_E_stackOverflow__C)
                  0000a81c    00000004     main_pem4f.oem4f (.const:ti_sysbios_heaps_HeapMem_A_align__C)
                  0000a820    00000004     main_pem4f.oem4f (.const:ti_sysbios_heaps_HeapMem_A_heapSize__C)
                  0000a824    00000004     main_pem4f.oem4f (.const:ti_sysbios_heaps_HeapMem_A_invalidFree__C)
                  0000a828    00000004     main_pem4f.oem4f (.const:ti_sysbios_heaps_HeapMem_A_zeroBlock__C)
                  0000a82c    00000004     main_pem4f.oem4f (.const:ti_sysbios_heaps_HeapMem_E_memory__C)
                  0000a830    00000004     main_pem4f.oem4f (.const:ti_sysbios_heaps_HeapMem_Module__diagsEnabled__C)
                  0000a834    00000004     main_pem4f.oem4f (.const:ti_sysbios_heaps_HeapMem_Module__diagsIncluded__C)
                  0000a838    00000004     main_pem4f.oem4f (.const:ti_sysbios_heaps_HeapMem_Module__diagsMask__C)
                  0000a83c    00000004     main_pem4f.oem4f (.const:ti_sysbios_heaps_HeapMem_Module__gateObj__C)
                  0000a840    00000004     main_pem4f.oem4f (.const:ti_sysbios_heaps_HeapMem_Object__count__C)
                  0000a844    00000004     main_pem4f.oem4f (.const:ti_sysbios_heaps_HeapMem_reqAlign__C)
                  0000a848    00000004     main_pem4f.oem4f (.const:ti_sysbios_knl_Clock_LM_begin__C)
                  0000a84c    00000004     main_pem4f.oem4f (.const:ti_sysbios_knl_Clock_LM_tick__C)
                  0000a850    00000004     main_pem4f.oem4f (.const:ti_sysbios_knl_Clock_LW_delayed__C)
                  0000a854    00000004     main_pem4f.oem4f (.const:ti_sysbios_knl_Clock_Module_State_clockQ__O)
                  0000a858    00000004     main_pem4f.oem4f (.const:ti_sysbios_knl_Clock_Module__diagsEnabled__C)
                  0000a85c    00000004     main_pem4f.oem4f (.const:ti_sysbios_knl_Clock_Module__diagsIncluded__C)
                  0000a860    00000004     main_pem4f.oem4f (.const:ti_sysbios_knl_Clock_Module__diagsMask__C)
                  0000a864    00000004     main_pem4f.oem4f (.const:ti_sysbios_knl_Clock_Module__loggerFxn1__C)
                  0000a868    00000004     main_pem4f.oem4f (.const:ti_sysbios_knl_Clock_Module__loggerFxn2__C)
                  0000a86c    00000004     main_pem4f.oem4f (.const:ti_sysbios_knl_Clock_Module__loggerObj__C)
                  0000a870    00000004     main_pem4f.oem4f (.const:ti_sysbios_knl_Semaphore_A_badContext__C)
                  0000a874    00000004     main_pem4f.oem4f (.const:ti_sysbios_knl_Semaphore_A_noEvents__C)
                  0000a878    00000004     main_pem4f.oem4f (.const:ti_sysbios_knl_Semaphore_A_overflow__C)
                  0000a87c    00000004     main_pem4f.oem4f (.const:ti_sysbios_knl_Semaphore_A_pendTaskDisabled__C)
                  0000a880    00000004     main_pem4f.oem4f (.const:ti_sysbios_knl_Semaphore_Instance_State_pendQ__O)
                  0000a884    00000004     main_pem4f.oem4f (.const:ti_sysbios_knl_Semaphore_LM_pend__C)
                  0000a888    00000004     main_pem4f.oem4f (.const:ti_sysbios_knl_Semaphore_LM_post__C)
                  0000a88c    00000004     main_pem4f.oem4f (.const:ti_sysbios_knl_Semaphore_Module__diagsEnabled__C)
                  0000a890    00000004     main_pem4f.oem4f (.const:ti_sysbios_knl_Semaphore_Module__diagsIncluded__C)
                  0000a894    00000004     main_pem4f.oem4f (.const:ti_sysbios_knl_Semaphore_Module__diagsMask__C)
                  0000a898    00000004     main_pem4f.oem4f (.const:ti_sysbios_knl_Semaphore_Module__loggerFxn2__C)
                  0000a89c    00000004     main_pem4f.oem4f (.const:ti_sysbios_knl_Semaphore_Module__loggerFxn4__C)
                  0000a8a0    00000004     main_pem4f.oem4f (.const:ti_sysbios_knl_Semaphore_Module__loggerObj__C)
                  0000a8a4    00000004     main_pem4f.oem4f (.const:ti_sysbios_knl_Swi_LD_end__C)
                  0000a8a8    00000004     main_pem4f.oem4f (.const:ti_sysbios_knl_Swi_LM_begin__C)
                  0000a8ac    00000004     main_pem4f.oem4f (.const:ti_sysbios_knl_Swi_LM_post__C)
                  0000a8b0    00000004     main_pem4f.oem4f (.const:ti_sysbios_knl_Swi_Module__diagsEnabled__C)
                  0000a8b4    00000004     main_pem4f.oem4f (.const:ti_sysbios_knl_Swi_Module__diagsIncluded__C)
                  0000a8b8    00000004     main_pem4f.oem4f (.const:ti_sysbios_knl_Swi_Module__diagsMask__C)
                  0000a8bc    00000004     main_pem4f.oem4f (.const:ti_sysbios_knl_Swi_Module__loggerFxn1__C)
                  0000a8c0    00000004     main_pem4f.oem4f (.const:ti_sysbios_knl_Swi_Module__loggerFxn4__C)
                  0000a8c4    00000004     main_pem4f.oem4f (.const:ti_sysbios_knl_Swi_Module__loggerObj__C)
                  0000a8c8    00000004     main_pem4f.oem4f (.const:ti_sysbios_knl_Swi_Object__count__C)
                  0000a8cc    00000004     main_pem4f.oem4f (.const:ti_sysbios_knl_Task_A_badTimeout__C)
                  0000a8d0    00000004     main_pem4f.oem4f (.const:ti_sysbios_knl_Task_A_sleepTaskDisabled__C)
                  0000a8d4    00000004     main_pem4f.oem4f (.const:ti_sysbios_knl_Task_E_spOutOfBounds__C)
                  0000a8d8    00000004     main_pem4f.oem4f (.const:ti_sysbios_knl_Task_E_stackOverflow__C)
                  0000a8dc    00000004     main_pem4f.oem4f (.const:ti_sysbios_knl_Task_LD_block__C)
                  0000a8e0    00000004     main_pem4f.oem4f (.const:ti_sysbios_knl_Task_LD_exit__C)
                  0000a8e4    00000004     main_pem4f.oem4f (.const:ti_sysbios_knl_Task_LD_ready__C)
                  0000a8e8    00000004     main_pem4f.oem4f (.const:ti_sysbios_knl_Task_LM_sleep__C)
                  0000a8ec    00000004     main_pem4f.oem4f (.const:ti_sysbios_knl_Task_LM_switch__C)
                  0000a8f0    00000004     main_pem4f.oem4f (.const:ti_sysbios_knl_Task_Module_State_inactiveQ__O)
                  0000a8f4    00000004     main_pem4f.oem4f (.const:ti_sysbios_knl_Task_Module_State_terminatedQ__O)
                  0000a8f8    00000004     main_pem4f.oem4f (.const:ti_sysbios_knl_Task_Module__diagsEnabled__C)
                  0000a8fc    00000004     main_pem4f.oem4f (.const:ti_sysbios_knl_Task_Module__diagsIncluded__C)
                  0000a900    00000004     main_pem4f.oem4f (.const:ti_sysbios_knl_Task_Module__diagsMask__C)
                  0000a904    00000004     main_pem4f.oem4f (.const:ti_sysbios_knl_Task_Module__loggerFxn2__C)
                  0000a908    00000004     main_pem4f.oem4f (.const:ti_sysbios_knl_Task_Module__loggerFxn4__C)
                  0000a90c    00000004     main_pem4f.oem4f (.const:ti_sysbios_knl_Task_Module__loggerObj__C)
                  0000a910    00000004     main_pem4f.oem4f (.const:ti_sysbios_knl_Task_Object__count__C)
                  0000a914    00000004     main_pem4f.oem4f (.const:ti_sysbios_knl_Task_allBlockedFunc__C)
                  0000a918    00000004     main_pem4f.oem4f (.const:ti_sysbios_knl_Task_numConstructedTasks__C)
                  0000a91c    00000004     main_pem4f.oem4f (.const:ti_sysbios_utils_Load_LS_cpuLoad__C)
                  0000a920    00000004     main_pem4f.oem4f (.const:ti_sysbios_utils_Load_LS_hwiLoad__C)
                  0000a924    00000004     main_pem4f.oem4f (.const:ti_sysbios_utils_Load_LS_swiLoad__C)
                  0000a928    00000004     main_pem4f.oem4f (.const:ti_sysbios_utils_Load_LS_taskLoad__C)
                  0000a92c    00000004     main_pem4f.oem4f (.const:ti_sysbios_utils_Load_Module_State_taskList__O)
                  0000a930    00000004     main_pem4f.oem4f (.const:ti_sysbios_utils_Load_Module__diagsEnabled__C)
                  0000a934    00000004     main_pem4f.oem4f (.const:ti_sysbios_utils_Load_Module__diagsIncluded__C)
                  0000a938    00000004     main_pem4f.oem4f (.const:ti_sysbios_utils_Load_Module__diagsMask__C)
                  0000a93c    00000004     main_pem4f.oem4f (.const:ti_sysbios_utils_Load_Module__loggerFxn1__C)
                  0000a940    00000004     main_pem4f.oem4f (.const:ti_sysbios_utils_Load_Module__loggerFxn2__C)
                  0000a944    00000004     main_pem4f.oem4f (.const:ti_sysbios_utils_Load_Module__loggerFxn4__C)
                  0000a948    00000004     main_pem4f.oem4f (.const:ti_sysbios_utils_Load_Module__loggerObj__C)
                  0000a94c    00000004     main_pem4f.oem4f (.const:ti_sysbios_utils_Load_postUpdate__C)
                  0000a950    00000004     main_pem4f.oem4f (.const:ti_sysbios_utils_Load_windowInMs__C)
                  0000a954    00000004     main_pem4f.oem4f (.const:ti_uia_loggers_LoggerStopMode_Module__diagsEnabled__C)
                  0000a958    00000004     main_pem4f.oem4f (.const:ti_uia_loggers_LoggerStopMode_Module__diagsIncluded__C)
                  0000a95c    00000004     main_pem4f.oem4f (.const:ti_uia_loggers_LoggerStopMode_Module__diagsMask__C)
                  0000a960    00000004     main_pem4f.oem4f (.const:ti_uia_loggers_LoggerStopMode_Object__count__C)
                  0000a964    00000004     main_pem4f.oem4f (.const:ti_uia_runtime_ILoggerSnapshot_Interface__BASE__C)
                  0000a968    00000004     main_pem4f.oem4f (.const:ti_uia_runtime_IUIATransfer_Interface__BASE__C)
                  0000a96c    00000004     main_pem4f.oem4f (.const:xdc_runtime_Assert_E_assertFailed__C)
                  0000a970    00000004     main_pem4f.oem4f (.const:xdc_runtime_Core_A_initializedParams__C)
                  0000a974    00000004     main_pem4f.oem4f (.const:xdc_runtime_Core_Module__diagsEnabled__C)
                  0000a978    00000004     main_pem4f.oem4f (.const:xdc_runtime_Core_Module__diagsIncluded__C)
                  0000a97c    00000004     main_pem4f.oem4f (.const:xdc_runtime_Core_Module__diagsMask__C)
                  0000a980    00000004     main_pem4f.oem4f (.const:xdc_runtime_Error_E_memory__C)
                  0000a984    00000004     main_pem4f.oem4f (.const:xdc_runtime_Error_Module__diagsEnabled__C)
                  0000a988    00000004     main_pem4f.oem4f (.const:xdc_runtime_Error_Module__diagsIncluded__C)
                  0000a98c    00000004     main_pem4f.oem4f (.const:xdc_runtime_Error_Module__diagsMask__C)
                  0000a990    00000004     main_pem4f.oem4f (.const:xdc_runtime_Error_Module__loggerFxn8__C)
                  0000a994    00000004     main_pem4f.oem4f (.const:xdc_runtime_Error_Module__loggerObj__C)
                  0000a998    00000004     main_pem4f.oem4f (.const:xdc_runtime_Error_policyFxn__C)
                  0000a99c    00000004     main_pem4f.oem4f (.const:xdc_runtime_Error_raiseHook__C)
                  0000a9a0    00000004     main_pem4f.oem4f (.const:xdc_runtime_IFilterLogger_Interface__BASE__C)
                  0000a9a4    00000004     main_pem4f.oem4f (.const:xdc_runtime_IGateProvider_Interface__BASE__C)
                  0000a9a8    00000004     main_pem4f.oem4f (.const:xdc_runtime_IHeap_Interface__BASE__C)
                  0000a9ac    00000004     main_pem4f.oem4f (.const:xdc_runtime_ILogger_Interface__BASE__C)
                  0000a9b0    00000004     main_pem4f.oem4f (.const:xdc_runtime_IModule_Interface__BASE__C)
                  0000a9b4    00000004     main_pem4f.oem4f (.const:xdc_runtime_Log_L_error__C)
                  0000a9b8    00000004     main_pem4f.oem4f (.const:xdc_runtime_Log_L_warning__C)
                  0000a9bc    00000004     main_pem4f.oem4f (.const:xdc_runtime_Main_Module__diagsEnabled__C)
                  0000a9c0    00000004     main_pem4f.oem4f (.const:xdc_runtime_Main_Module__diagsIncluded__C)
                  0000a9c4    00000004     main_pem4f.oem4f (.const:xdc_runtime_Main_Module__diagsMask__C)
                  0000a9c8    00000004     main_pem4f.oem4f (.const:xdc_runtime_Main_Module__loggerFxn2__C)
                  0000a9cc    00000004     main_pem4f.oem4f (.const:xdc_runtime_Main_Module__loggerFxn4__C)
                  0000a9d0    00000004     main_pem4f.oem4f (.const:xdc_runtime_Main_Module__loggerObj__C)
                  0000a9d4    00000004     main_pem4f.oem4f (.const:xdc_runtime_Memory_defaultHeapInstance__C)
                  0000a9d8    00000004     main_pem4f.oem4f (.const:xdc_runtime_Startup_execImpl__C)
                  0000a9dc    00000004     main_pem4f.oem4f (.const:xdc_runtime_Startup_lastFxns__A)
                  0000a9e0    00000004     main_pem4f.oem4f (.const:xdc_runtime_Startup_maxPasses__C)
                  0000a9e4    00000004     main_pem4f.oem4f (.const:xdc_runtime_Startup_sfxnRts__C)
                  0000a9e8    00000004     main_pem4f.oem4f (.const:xdc_runtime_Startup_sfxnTab__C)
                  0000a9ec    00000004     main_pem4f.oem4f (.const:xdc_runtime_SysMin_bufSize__C)
                  0000a9f0    00000004     main_pem4f.oem4f (.const:xdc_runtime_SysMin_outputFunc__C)
                  0000a9f4    00000004     main_pem4f.oem4f (.const:xdc_runtime_System_Module__gateObj__C)
                  0000a9f8    00000004     main_pem4f.oem4f (.const:xdc_runtime_System_abortFxn__C)
                  0000a9fc    00000004     main_pem4f.oem4f (.const:xdc_runtime_System_exitFxn__C)
                  0000aa00    00000004     main_pem4f.oem4f (.const:xdc_runtime_System_extendFxn__C)
                  0000aa04    00000004     main_pem4f.oem4f (.const:xdc_runtime_System_maxAtexitHandlers__C)
                  0000aa08    00000004     main_pem4f.oem4f (.const:xdc_runtime_Text_charTab__C)
                  0000aa0c    00000004     main_pem4f.oem4f (.const:xdc_runtime_Text_nameEmpty__C)
                  0000aa10    00000004     main_pem4f.oem4f (.const:xdc_runtime_Text_nameStatic__C)
                  0000aa14    00000004     main_pem4f.oem4f (.const:xdc_runtime_Text_nameUnknown__C)
                  0000aa18    00000004     main_pem4f.oem4f (.const:xdc_runtime_Text_nodeTab__C)
                  0000aa1c    00000004     main_pem4f.oem4f (.const:xdc_runtime_Text_visitRopeFxn__C)
                  0000aa20    00000002     main_pem4f.oem4f (.const:ti_sysbios_family_arm_lm4_TimestampProvider_useClockTimer__C)
                  0000aa22    00000002     main_pem4f.oem4f (.const:ti_sysbios_family_arm_m3_Hwi_Module__id__C)
                  0000aa24    00000002     main_pem4f.oem4f (.const:ti_sysbios_family_arm_m3_Hwi_Module__loggerDefined__C)
                  0000aa26    00000002     main_pem4f.oem4f (.const:ti_sysbios_gates_GateMutex_Module__id__C)
                  0000aa28    00000002     main_pem4f.oem4f (.const:ti_sysbios_hal_Hwi_Module__id__C)
                  0000aa2a    00000002     main_pem4f.oem4f (.const:ti_sysbios_heaps_HeapMem_Module__id__C)
                  0000aa2c    00000002     main_pem4f.oem4f (.const:ti_sysbios_knl_Clock_Module__id__C)
                  0000aa2e    00000002     main_pem4f.oem4f (.const:ti_sysbios_knl_Clock_Module__loggerDefined__C)
                  0000aa30    00000002     main_pem4f.oem4f (.const:ti_sysbios_knl_Semaphore_Module__id__C)
                  0000aa32    00000002     main_pem4f.oem4f (.const:ti_sysbios_knl_Semaphore_Module__loggerDefined__C)
                  0000aa34    00000002     main_pem4f.oem4f (.const:ti_sysbios_knl_Swi_Module__id__C)
                  0000aa36    00000002     main_pem4f.oem4f (.const:ti_sysbios_knl_Swi_Module__loggerDefined__C)
                  0000aa38    00000002     main_pem4f.oem4f (.const:ti_sysbios_knl_Task_Module__id__C)
                  0000aa3a    00000002     main_pem4f.oem4f (.const:ti_sysbios_knl_Task_Module__loggerDefined__C)
                  0000aa3c    00000002     main_pem4f.oem4f (.const:ti_sysbios_knl_Task_checkStackFlag__C)
                  0000aa3e    00000002     main_pem4f.oem4f (.const:ti_sysbios_knl_Task_deleteTerminatedTasks__C)
                  0000aa40    00000002     main_pem4f.oem4f (.const:ti_sysbios_knl_Task_initStackFlag__C)
                  0000aa42    00000002     main_pem4f.oem4f (.const:ti_sysbios_utils_Load_Module__id__C)
                  0000aa44    00000002     main_pem4f.oem4f (.const:ti_sysbios_utils_Load_Module__loggerDefined__C)
                  0000aa46    00000002     main_pem4f.oem4f (.const:ti_sysbios_utils_Load_hwiEnabled__C)
                  0000aa48    00000002     main_pem4f.oem4f (.const:ti_sysbios_utils_Load_swiEnabled__C)
                  0000aa4a    00000002     main_pem4f.oem4f (.const:ti_sysbios_utils_Load_taskEnabled__C)
                  0000aa4c    00000002     main_pem4f.oem4f (.const:ti_sysbios_utils_Load_updateInIdle__C)
                  0000aa4e    00000002     main_pem4f.oem4f (.const:ti_uia_loggers_LoggerStopMode_Module__id__C)
                  0000aa50    00000002     main_pem4f.oem4f (.const:ti_uia_loggers_LoggerStopMode_isTimestampEnabled__C)
                  0000aa52    00000002     main_pem4f.oem4f (.const:xdc_runtime_Core_Module__id__C)
                  0000aa54    00000002     main_pem4f.oem4f (.const:xdc_runtime_Error_Module__loggerDefined__C)
                  0000aa56    00000002     main_pem4f.oem4f (.const:xdc_runtime_Error_maxDepth__C)
                  0000aa58    00000002     main_pem4f.oem4f (.const:xdc_runtime_Main_Module__id__C)
                  0000aa5a    00000002     main_pem4f.oem4f (.const:xdc_runtime_Main_Module__loggerDefined__C)
                  0000aa5c    00000002     main_pem4f.oem4f (.const:xdc_runtime_Memory_Module__id__C)
                  0000aa5e    00000002     main_pem4f.oem4f (.const:xdc_runtime_SysMin_flushAtExit__C)
                  0000aa60    00000002     main_pem4f.oem4f (.const:xdc_runtime_Text_charCnt__C)
                  0000aa62    00000002     main_pem4f.oem4f (.const:xdc_runtime_Text_isLoaded__C)
                  0000aa64    00000002     main_pem4f.oem4f (.const:xdc_runtime_Text_registryModsLastId__C)
                  0000aa66    00000002     main_pem4f.oem4f (.const:xdc_runtime_Text_unnamedModsLastId__C)
                  0000aa68    00000001     main_pem4f.oem4f (.const:xdc_runtime_Error_policy__C)

.cinit     0    0000aa70    000004b8     
                  0000aa70    00000484     (.cinit..data.load) [load image, compression = rle]
                  0000aef4    0000000c     (__TI_handler_table)
                  0000af00    00000008     (.cinit..bss.load) [load image, compression = zero_init]
                  0000af08    00000008     (.cinit..vecs.load) [load image, compression = zero_init]
                  0000af10    00000018     (__TI_cinit_table)

.vecs      0    20000000    00000360     UNINITIALIZED
                  20000000    00000360     main_pem4f.oem4f (.vecs)

.bss       0    20000380    000037b0     UNINITIALIZED
                  20000380    00001200     main_pem4f.oem4f (.bss:taskStackSection)
                  20001580    00001000     main_pem4f.oem4f (.bss:ti_sysbios_heaps_HeapMem_Instance_State_0_buf__A)
                  20002580    00000400     main_pem4f.oem4f (.bss:ti_uia_loggers_LoggerStopMode_Instance_State_1_packetArray__A)
                  20002980    00000400     main_pem4f.oem4f (.bss:ti_uia_loggers_LoggerStopMode_Instance_State_2_packetArray__A)
                  20002d80    00000400     main_pem4f.oem4f (.bss:xdc_runtime_SysMin_Module_State_0_outbuf__A)
                  20003180    00000360     main_pem4f.oem4f (.bss:ti_sysbios_family_arm_m3_Hwi_dispatchTable)
                  200034e0    00000020     (.common:uartParams)
                  20003500    00000200     main_pem4f.oem4f (.bss:ti_uia_loggers_LoggerStopMode_Instance_State_0_packetArray__A)
                  20003700    00000120     rtsv7M4_T_le_v4SPD16_eabi.lib : trgmsg.obj (.bss:__CIOBUF_)
                  20003820    00000100     main.obj (.bss:uartRxBuf)
                  20003920    00000088     EK_TM4C123GXL.obj (.bss:uartTivaObjects)
                  200039a8    00000008     (.common:parmbuf)
                  200039b0    00000004     (.common:uart)
                  200039b4    0000004c     --HOLE--
                  20003a00    00000030     main_pem4f.oem4f (.bss:ti_uia_loggers_LoggerStopMode_Instance_State_0_hdr__A)
                  20003a30    00000050     --HOLE--
                  20003a80    00000030     main_pem4f.oem4f (.bss:ti_uia_loggers_LoggerStopMode_Instance_State_1_hdr__A)
                  20003ab0    00000050     --HOLE--
                  20003b00    00000030     main_pem4f.oem4f (.bss:ti_uia_loggers_LoggerStopMode_Instance_State_2_hdr__A)

.stack     0    20003b30    00001000     UNINITIALIZED
                  20003b30    00001000     --HOLE--

.data      0    20004b30    000006f0     UNINITIALIZED
                  20004b30    00000178     main_pem4f.oem4f (.data)
                  20004ca8    000000e4     main_pem4f.oem4f (.data:ti_sysbios_knl_Task_Object__table__V)
                  20004d8c    0000009c     main_pem4f.oem4f (.data:ti_uia_loggers_LoggerStopMode_Object__table__V)
                  20004e28    00000098     main_pem4f.oem4f (.data:ti_sysbios_utils_Load_Module__state__V)
                  20004ec0    00000080     main_pem4f.oem4f (.data:ti_sysbios_family_arm_lm4_Timer_Object__table__V)
                  20004f40    00000080     main_pem4f.oem4f (.data:ti_sysbios_knl_Swi_Module_State_0_readyQ__A)
                  20004fc0    00000080     main_pem4f.oem4f (.data:ti_sysbios_knl_Task_Module_State_0_readyQ__A)
                  20005040    00000044     main_pem4f.oem4f (.data:ti_sysbios_knl_Task_Module__state__V)
                  20005084    00000038     main_pem4f.oem4f (.data:ti_sysbios_gates_GateMutex_Object__table__V)
                  200050bc    00000034     main_pem4f.oem4f (.data:ti_sysbios_family_arm_m3_Hwi_Module__state__V)
                  200050f0    00000030     main_pem4f.oem4f (.data:ti_sysbios_family_arm_lm4_Timer_Module_State_0_device__A)
                  20005120    00000030     main_pem4f.oem4f (.data:ti_sysbios_family_arm_m3_Hwi_Object__table__V)
                  20005150    00000030     main_pem4f.oem4f (.data:ti_sysbios_knl_Swi_Object__table__V)
                  20005180    0000002c     main_pem4f.oem4f (.data:ti_sysbios_knl_Clock_Module__state__V)
                  200051ac    00000028     main_pem4f.oem4f (.data:ti_sysbios_knl_Semaphore_Object__table__V)
                  200051d4    00000024     main_pem4f.oem4f (.data:ti_sysbios_BIOS_Module__state__V)
                  200051f8    00000008     gpio_tivaware.aem4f : GPIO.oem4f (.data)
                  20005200    00000008     rtsv7M4_T_le_v4SPD16_eabi.lib : _lock.obj (.data)
                  20005208    00000008                                   : exit.obj (.data)
                  20005210    00000008     ti.uia.runtime.aem4f : QueueDescriptor.oem4f (.data)
                  20005218    00000004     rtsv7M4_T_le_v4SPD16_eabi.lib : stkdepth_vars.obj (.data)
                  2000521c    00000004     uart_tivaware.aem4f : UART.oem4f (.data)


LINKER GENERATED COPY TABLES

__TI_cinit_table @ 0000af10 records: 3, size/record: 8, table size: 24
	.data: load addr=0000aa70, load size=00000484 bytes, run addr=20004b30, run size=000006f0 bytes, compression=rle
	.bss: load addr=0000af00, load size=00000008 bytes, run addr=20000380, run size=000037b0 bytes, compression=zero_init
	.vecs: load addr=0000af08, load size=00000008 bytes, run addr=20000000, run size=00000360 bytes, compression=zero_init


LINKER GENERATED HANDLER TABLE

__TI_handler_table @ 0000aef4 records: 3, size/record: 4, table size: 12
	index: 0, handler: __TI_zero_init
	index: 1, handler: __TI_decompress_rle24
	index: 2, handler: __TI_decompress_none


GLOBAL SYMBOLS: SORTED ALPHABETICALLY BY Name 

address    name
--------   ----
00006dd5   C$$EXIT
000065fb   C$$IO$$
0000607d   EK_TM4C123GXL_initGPIO
00006ff1   EK_TM4C123GXL_initGeneral
000076f5   EK_TM4C123GXL_initUART
00007d85   FXN_uart_callback
000077fd   GPIODirModeSet
0000389d   GPIOPadConfigSet
00006b99   GPIOPinConfigure
00008279   GPIOPinRead
00007fc5   GPIOPinTypeGPIOInput
00007d9d   GPIOPinTypeGPIOOutput
00007fd7   GPIOPinTypeUART
0000827f   GPIOPinWrite
0000a420   GPIO_config
0000789d   GPIO_init
00004771   GPIO_toggle
00004a4d   GPIO_write
00000d29   HOSTclock
00000cf1   HOSTclose
00000cb3   HOSTgetenv
00000c57   HOSTlseek
00000c05   HOSTopen
00000bb9   HOSTread
00000b5b   HOSTrename
00000b21   HOSTtime
00000ae9   HOSTunlink
00000a9d   HOSTwrite
UNDEFED    SHT$$INIT_ARRAY$$Base
UNDEFED    SHT$$INIT_ARRAY$$Limit
0000736d   SysCtlPeripheralEnable
00001af9   TSK_handleUartRXFxn
000070f1   TSK_heartBeatFxn
20004d40   TSK_idle
000081fd   UARTCharGet
00008141   UARTCharGetNonBlocking
00008207   UARTCharPut
0000814f   UARTCharPutNonBlocking
00006f6d   UARTConfigSetExpClk
00007b85   UARTDisable
00007ee7   UARTEnable
00008285   UARTFIFOLevelSet
000082c1   UARTIntClear
00008211   UARTIntDisable
00008239   UARTIntEnable
0000821b   UARTIntStatus
00005951   UARTTiva_close
0000a500   UARTTiva_fxnTable
00008241   UARTTiva_init
00000d71   UARTTiva_open
00001ef9   UARTTiva_read
000051b9   UARTTiva_readCancel
000027b5   UARTTiva_readPolling
000016d9   UARTTiva_write
000050f9   UARTTiva_writeCancel
00002bed   UARTTiva_writePolling
000073a1   UART_Params_init
0000a440   UART_config
0000a694   UART_defaultParams
0000721d   UART_init
00006be1   UART_open
000073d5   UART_read
00007409   UART_write
00000000   __ASM__
20003700   __CIOBUF_
0000005f   __ISA__
00000072   __PLAT__
20004b30   __STACK_END
00001000   __STACK_SIZE
20003d30   __STACK_TOP
00000093   __TARG__
0000af10   __TI_CINIT_Base
0000af28   __TI_CINIT_Limit
0000aef4   __TI_Handler_Table_Base
0000af00   __TI_Handler_Table_Limit
00000001   __TI_args_main
000059f1   __TI_auto_init
20005208   __TI_cleanup_ptr
0000815d   __TI_decompress_none
00008291   __TI_decompress_rle24
2000520c   __TI_dtors_ptr
000065ff   __TI_readmsg
00000000   __TI_static_base__
000065d1   __TI_writemsg
00007fe9   __TI_zero_init
000000b9   __TRDR__
00006211   __aeabi_memclr
00006211   __aeabi_memclr4
00006211   __aeabi_memclr8
00005b31   __aeabi_memcpy
00005b31   __aeabi_memcpy4
00005b31   __aeabi_memcpy8
00006213   __aeabi_memset
00006213   __aeabi_memset4
00006213   __aeabi_memset8
00006faf   __aeabi_uidivmod
000020f1   __aeabi_uldivmod
ffffffff   __binit__
ffffffff   __c_args__
20003b30   __stack
0000828b   __xdc__init
20004ca4   __xdc__init__addr
00007db5   _args_main
0000680d   _c_int00
20005200   _lock
00007f0b   _nop
00007f03   _register_lock
00007efd   _register_unlock
20005204   _unlock
00006dd9   abort
ffffffff   binit
00006d91   copy_in
00006de1   exit
0000a3e4   gpioHWAttrs
0000a73c   handleCom
0000a740   handleUartRXTask
0000a738   heartBeatTask
00004e99   main
20005218   main_func_sp
00005b31   memcpy
00006219   memset
0000a744   sem_uart_rxdone
00007dcd   strcmp
0000801f   strcpy
00007f11   strlen
0000a778   ti_catalog_arm_cortexm4_tiva_ce_Boot_A_mustUseEnhancedClockMode__C
0000a77c   ti_catalog_arm_cortexm4_tiva_ce_Boot_Module__diagsEnabled__C
0000a780   ti_catalog_arm_cortexm4_tiva_ce_Boot_Module__diagsIncluded__C
0000a784   ti_catalog_arm_cortexm4_tiva_ce_Boot_Module__diagsMask__C
0000a736   ti_catalog_arm_cortexm4_tiva_ce_Boot_Module__id__C
00008179   ti_catalog_arm_cortexm4_tiva_ce_Boot_init__I
00003f75   ti_catalog_arm_cortexm4_tiva_ce_Boot_sysCtlClockSetI__I
00005e39   ti_catalog_arm_cortexm4_tiva_ce_Boot_sysCtlClockSet__E
00008297   ti_catalog_arm_cortexm4_tiva_ce_Boot_sysCtlDelayI__I
200051d4   ti_sysbios_BIOS_Module__state__V
000082c5   ti_sysbios_BIOS_RtsGateProxy_enter__E
000082c9   ti_sysbios_BIOS_RtsGateProxy_leave__E
000082e1   ti_sysbios_BIOS_RtsGateProxy_query__E
00007575   ti_sysbios_BIOS_atExitFunc__I
000078c1   ti_sysbios_BIOS_errorRaiseHook__I
00007ea5   ti_sysbios_BIOS_exitFunc__I
00008031   ti_sysbios_BIOS_getCpuFreq__E
00005d9f   ti_sysbios_BIOS_nullFunc__I
000078e5   ti_sysbios_BIOS_registerRTSLock__I
00007909   ti_sysbios_BIOS_removeRTSLock__I
00007ba1   ti_sysbios_BIOS_rtsLock__I
00007de5   ti_sysbios_BIOS_rtsUnlock__I
00008041   ti_sysbios_BIOS_setThreadType__E
0000792d   ti_sysbios_BIOS_startFunc__I
00008051   ti_sysbios_BIOS_start__E
40000400   ti_sysbios_family_arm_ducati_CTM_ctm
200050f0   ti_sysbios_family_arm_lm4_Timer_Module_State_0_device__A
20004b58   ti_sysbios_family_arm_lm4_Timer_Module_State_0_handles__A
20004b50   ti_sysbios_family_arm_lm4_Timer_Module__root__V
00007dfd   ti_sysbios_family_arm_lm4_Timer_Module__startupDone__F
00007dfd   ti_sysbios_family_arm_lm4_Timer_Module__startupDone__S
20004b70   ti_sysbios_family_arm_lm4_Timer_Module__state__V
000064a5   ti_sysbios_family_arm_lm4_Timer_Module_startup__E
20004ec0   ti_sysbios_family_arm_lm4_Timer_Object__table__V
0000a788   ti_sysbios_family_arm_lm4_Timer_enableFunc__C
000055fd   ti_sysbios_family_arm_lm4_Timer_enableTimers__I
0000532d   ti_sysbios_family_arm_lm4_Timer_enableTiva__I
00007031   ti_sysbios_family_arm_lm4_Timer_getCurrentTick__E
00008185   ti_sysbios_family_arm_lm4_Timer_getMaxTicks__E
000082cd   ti_sysbios_family_arm_lm4_Timer_getPeriod__E
00006509   ti_sysbios_family_arm_lm4_Timer_isrStub__E
00008251   ti_sysbios_family_arm_lm4_Timer_masterDisable__I
000082d1   ti_sysbios_family_arm_lm4_Timer_masterEnable__I
0000a78c   ti_sysbios_family_arm_lm4_Timer_numTimerDevices__C
00005bcd   ti_sysbios_family_arm_lm4_Timer_setNextTick__E
00001015   ti_sysbios_family_arm_lm4_Timer_start__E
0000a790   ti_sysbios_family_arm_lm4_Timer_startupNeeded__C
00007071   ti_sysbios_family_arm_lm4_Timer_startup__E
00006e19   ti_sysbios_family_arm_lm4_Timer_stop__E
20004b7c   ti_sysbios_family_arm_lm4_TimestampProvider_Module__state__V
0000829d   ti_sysbios_family_arm_lm4_TimestampProvider_Module_startup__E
00004c1d   ti_sysbios_family_arm_lm4_TimestampProvider_get32__E
00002d49   ti_sysbios_family_arm_lm4_TimestampProvider_get64__E
00008031   ti_sysbios_family_arm_lm4_TimestampProvider_getFreq__E
00008061   ti_sysbios_family_arm_lm4_TimestampProvider_rolloverFunc__E
00008191   ti_sysbios_family_arm_lm4_TimestampProvider_startTimer__E
0000aa20   ti_sysbios_family_arm_lm4_TimestampProvider_useClockTimer__C
0000a794   ti_sysbios_family_arm_m3_Hwi_E_NMI__C
0000a798   ti_sysbios_family_arm_m3_Hwi_E_alreadyDefined__C
0000a79c   ti_sysbios_family_arm_m3_Hwi_E_busFault__C
0000a7a0   ti_sysbios_family_arm_m3_Hwi_E_debugMon__C
0000a7a4   ti_sysbios_family_arm_m3_Hwi_E_hardFault__C
0000a7a8   ti_sysbios_family_arm_m3_Hwi_E_hwiLimitExceeded__C
0000a7ac   ti_sysbios_family_arm_m3_Hwi_E_memFault__C
0000a7b0   ti_sysbios_family_arm_m3_Hwi_E_noIsr__C
0000a7b4   ti_sysbios_family_arm_m3_Hwi_E_reserved__C
0000a7b8   ti_sysbios_family_arm_m3_Hwi_E_svCall__C
0000a7bc   ti_sysbios_family_arm_m3_Hwi_E_usageFault__C
00007c81   ti_sysbios_family_arm_m3_Hwi_Handle__label__S
[...]
00008251   ti_sysbios_family_arm_lm4_Timer_masterDisable__I
00008259   ti_sysbios_family_arm_m3_Hwi_doSwiRestore__I
00008261   ti_sysbios_family_arm_m3_Hwi_startup__E
00008261   ti_sysbios_hal_Hwi_HwiProxy_startup__E
00008261   ti_sysbios_hal_Hwi_startup__E
00008269   ti_sysbios_knl_Idle_loop__E
00008279   GPIOPinRead
0000827f   GPIOPinWrite
00008285   UARTFIFOLevelSet
0000828b   __xdc__init
00008291   __TI_decompress_rle24
00008297   ti_catalog_arm_cortexm4_tiva_ce_Boot_sysCtlDelayI__I
0000829d   ti_sysbios_family_arm_lm4_TimestampProvider_Module_startup__E
000082a3   ti_sysbios_family_arm_m3_Hwi_restoreFxn__E
000082a3   ti_sysbios_hal_Hwi_HwiProxy_restore__E
000082a3   ti_sysbios_hal_Hwi_restore__E
000082a9   ti_sysbios_gates_GateHwi_leave__E
000082af   ti_sysbios_heaps_HeapMem_isBlocking__E
000082b5   ti_sysbios_knl_Queue_Instance_init__E
000082bb   xdc_runtime_System_Module_startup__E
000082c1   UARTIntClear
000082c5   ti_sysbios_BIOS_RtsGateProxy_enter__E
000082c9   ti_sysbios_BIOS_RtsGateProxy_leave__E
000082cd   ti_sysbios_family_arm_lm4_Timer_getPeriod__E
000082d1   ti_sysbios_family_arm_lm4_Timer_masterEnable__I
000082d5   ti_sysbios_family_arm_m3_Hwi_destruct
000082d9   ti_sysbios_family_arm_m3_TaskSupport_Module__startupDone__S
000082dd   ti_sysbios_gates_GateHwi_query__E
000082dd   xdc_runtime_Main_Module_GateProxy_query__E
000082dd   xdc_runtime_System_Module_GateProxy_query__E
000082e1   ti_sysbios_BIOS_RtsGateProxy_query__E
000082e1   ti_sysbios_gates_GateMutex_query__E
000082e1   ti_sysbios_heaps_HeapMem_Module_GateProxy_query__E
000082e5   ti_sysbios_hal_Hwi_HwiProxy_Module__startupDone__S
000082e9   ti_sysbios_heaps_HeapMem_Module_GateProxy_enter__E
000082ed   ti_sysbios_heaps_HeapMem_Module_GateProxy_leave__E
000082f1   ti_sysbios_knl_Clock_TimerProxy_Module__startupDone__S
000082f5   ti_sysbios_knl_Clock_TimerProxy_getCurrentTick__E
000082f9   ti_sysbios_knl_Clock_TimerProxy_getMaxTicks__E
000082fd   ti_sysbios_knl_Clock_TimerProxy_getPeriod__E
00008301   ti_sysbios_knl_Clock_TimerProxy_setNextTick__E
00008305   ti_sysbios_knl_Queue_destruct
00008309   ti_sysbios_knl_Semaphore_destruct
0000830d   ti_sysbios_knl_Task_SupportProxy_Module__startupDone__S
00008311   ti_sysbios_knl_Task_startup__E
00008315   ti_uia_loggers_LoggerStopMode_getContents__E
00008319   ti_uia_loggers_LoggerStopMode_getFilterLevel__E
0000831d   ti_uia_loggers_LoggerStopMode_getInstanceId__E
00008321   ti_uia_loggers_LoggerStopMode_getMaxLength__E
00008325   ti_uia_loggers_LoggerStopMode_getPriority__E
00008329   ti_uia_loggers_LoggerStopMode_getTransferType__E
0000832d   xdc_runtime_Error_getSite__E
00008331   xdc_runtime_Memory_HeapProxy_alloc__E
00008335   xdc_runtime_Memory_HeapProxy_free__E
00008339   xdc_runtime_System_Module_GateProxy_enter__E
0000833d   xdc_runtime_System_Module_GateProxy_leave__E
00008341   xdc_runtime_System_aprintf_va__F
00008345   xdc_runtime_System_printf_va__F
00008348   xdc_runtime_Text_charTab__A
0000a1ab   ti_sysbios_knl_Clock_tickMode__C
0000a1ac   xdc_runtime_Text_nodeTab__A
0000a33c   ti_uia_loggers_LoggerStopMode_Module__FXNS__C
0000a3e4   gpioHWAttrs
0000a420   GPIO_config
0000a438   uartTivaHWAttrs
0000a440   UART_config
0000a458   ti_sysbios_family_arm_m3_Hwi_Object__PARAMS__C
0000a488   ti_sysbios_heaps_HeapMem_Module__FXNS__C
0000a4b0   ti_uia_loggers_LoggerStopMode_Object__PARAMS__C
0000a4d8   xdc_runtime_Startup_sfxnTab__A
0000a500   UARTTiva_fxnTable
0000a524   ti_sysbios_gates_GateHwi_Module__FXNS__C
0000a548   ti_sysbios_gates_GateMutex_Module__FXNS__C
0000a56c   ti_sysbios_heaps_HeapMem_Object__PARAMS__C
0000a590   ti_sysbios_knl_Semaphore_Object__PARAMS__C
0000a5b4   ti_sysbios_family_arm_m3_Hwi_Object__DESC__C
0000a5d4   ti_sysbios_gates_GateHwi_Object__DESC__C
0000a5f4   ti_sysbios_gates_GateMutex_Object__DESC__C
0000a614   ti_sysbios_heaps_HeapMem_Object__DESC__C
0000a634   ti_sysbios_knl_Queue_Object__DESC__C
0000a654   ti_sysbios_knl_Semaphore_Object__DESC__C
0000a674   ti_uia_loggers_LoggerStopMode_Object__DESC__C
0000a694   UART_defaultParams
0000a6b4   ti_sysbios_gates_GateHwi_Object__PARAMS__C
0000a6cc   ti_sysbios_gates_GateMutex_Object__PARAMS__C
0000a6e4   ti_sysbios_knl_Queue_Object__PARAMS__C
0000a6fc   xdc_runtime_Startup_firstFxns__A
0000a710   xdc_runtime_Startup_sfxnRts__A
0000a735   ti_sysbios_knl_Clock_tickSource__C
0000a736   ti_catalog_arm_cortexm4_tiva_ce_Boot_Module__id__C
0000a738   heartBeatTask
0000a73c   handleCom
0000a740   handleUartRXTask
0000a744   sem_uart_rxdone
0000a748   ti_sysbios_family_arm_m3_Hwi_excHookFuncs__A
0000a750   ti_sysbios_knl_Idle_funcList__A
0000a758   ti_sysbios_knl_Idle_funcList__C
0000a760   ti_sysbios_knl_Task_hooks__C
0000a768   xdc_runtime_Startup_firstFxns__C
0000a770   xdc_runtime_Startup_lastFxns__C
0000a778   ti_catalog_arm_cortexm4_tiva_ce_Boot_A_mustUseEnhancedClockMode__C
0000a77c   ti_catalog_arm_cortexm4_tiva_ce_Boot_Module__diagsEnabled__C
0000a780   ti_catalog_arm_cortexm4_tiva_ce_Boot_Module__diagsIncluded__C
0000a784   ti_catalog_arm_cortexm4_tiva_ce_Boot_Module__diagsMask__C
0000a788   ti_sysbios_family_arm_lm4_Timer_enableFunc__C
0000a78c   ti_sysbios_family_arm_lm4_Timer_numTimerDevices__C
0000a790   ti_sysbios_family_arm_lm4_Timer_startupNeeded__C
0000a794   ti_sysbios_family_arm_m3_Hwi_E_NMI__C
0000a798   ti_sysbios_family_arm_m3_Hwi_E_alreadyDefined__C
0000a79c   ti_sysbios_family_arm_m3_Hwi_E_busFault__C
0000a7a0   ti_sysbios_family_arm_m3_Hwi_E_debugMon__C
0000a7a4   ti_sysbios_family_arm_m3_Hwi_E_hardFault__C
0000a7a8   ti_sysbios_family_arm_m3_Hwi_E_hwiLimitExceeded__C
0000a7ac   ti_sysbios_family_arm_m3_Hwi_E_memFault__C
0000a7b0   ti_sysbios_family_arm_m3_Hwi_E_noIsr__C
0000a7b4   ti_sysbios_family_arm_m3_Hwi_E_reserved__C
0000a7b8   ti_sysbios_family_arm_m3_Hwi_E_svCall__C
0000a7bc   ti_sysbios_family_arm_m3_Hwi_E_usageFault__C
0000a7c0   ti_sysbios_family_arm_m3_Hwi_LD_end__C
0000a7c4   ti_sysbios_family_arm_m3_Hwi_LM_begin__C
0000a7c8   ti_sysbios_family_arm_m3_Hwi_Module__diagsEnabled__C
0000a7cc   ti_sysbios_family_arm_m3_Hwi_Module__diagsIncluded__C
0000a7d0   ti_sysbios_family_arm_m3_Hwi_Module__diagsMask__C
0000a7d4   ti_sysbios_family_arm_m3_Hwi_Module__loggerFxn1__C
0000a7d8   ti_sysbios_family_arm_m3_Hwi_Module__loggerFxn8__C
0000a7dc   ti_sysbios_family_arm_m3_Hwi_Module__loggerObj__C
0000a7e0   ti_sysbios_family_arm_m3_Hwi_NUM_INTERRUPTS__C
0000a7e4   ti_sysbios_family_arm_m3_Hwi_Object__count__C
0000a7e8   ti_sysbios_family_arm_m3_Hwi_ccr__C
0000a7ec   ti_sysbios_family_arm_m3_Hwi_disablePriority__C
0000a7f0   ti_sysbios_family_arm_m3_Hwi_excHandlerFunc__C
0000a7f4   ti_sysbios_family_arm_m3_Hwi_excHookFuncs__C
0000a7f8   ti_sysbios_family_arm_m3_Hwi_nullIsrFunc__C
0000a7fc   ti_sysbios_family_arm_m3_Hwi_numSparseInterrupts__C
0000a800   ti_sysbios_family_arm_m3_Hwi_priGroup__C
0000a804   ti_sysbios_gates_GateMutex_A_badContext__C
0000a808   ti_sysbios_gates_GateMutex_Instance_State_sem__O
0000a80c   ti_sysbios_gates_GateMutex_Module__diagsEnabled__C
0000a810   ti_sysbios_gates_GateMutex_Module__diagsIncluded__C
0000a814   ti_sysbios_gates_GateMutex_Module__diagsMask__C
0000a818   ti_sysbios_hal_Hwi_E_stackOverflow__C
0000a81c   ti_sysbios_heaps_HeapMem_A_align__C
0000a820   ti_sysbios_heaps_HeapMem_A_heapSize__C
0000a824   ti_sysbios_heaps_HeapMem_A_invalidFree__C
0000a828   ti_sysbios_heaps_HeapMem_A_zeroBlock__C
0000a82c   ti_sysbios_heaps_HeapMem_E_memory__C
0000a830   ti_sysbios_heaps_HeapMem_Module__diagsEnabled__C
0000a834   ti_sysbios_heaps_HeapMem_Module__diagsIncluded__C
0000a838   ti_sysbios_heaps_HeapMem_Module__diagsMask__C
0000a83c   ti_sysbios_heaps_HeapMem_Module__gateObj__C
0000a840   ti_sysbios_heaps_HeapMem_Object__count__C
0000a844   ti_sysbios_heaps_HeapMem_reqAlign__C
0000a848   ti_sysbios_knl_Clock_LM_begin__C
0000a84c   ti_sysbios_knl_Clock_LM_tick__C
0000a850   ti_sysbios_knl_Clock_LW_delayed__C
0000a854   ti_sysbios_knl_Clock_Module_State_clockQ__O
0000a858   ti_sysbios_knl_Clock_Module__diagsEnabled__C
0000a85c   ti_sysbios_knl_Clock_Module__diagsIncluded__C
0000a860   ti_sysbios_knl_Clock_Module__diagsMask__C
0000a864   ti_sysbios_knl_Clock_Module__loggerFxn1__C
0000a868   ti_sysbios_knl_Clock_Module__loggerFxn2__C
0000a86c   ti_sysbios_knl_Clock_Module__loggerObj__C
0000a870   ti_sysbios_knl_Semaphore_A_badContext__C
0000a874   ti_sysbios_knl_Semaphore_A_noEvents__C
0000a878   ti_sysbios_knl_Semaphore_A_overflow__C
0000a87c   ti_sysbios_knl_Semaphore_A_pendTaskDisabled__C
0000a880   ti_sysbios_knl_Semaphore_Instance_State_pendQ__O
0000a884   ti_sysbios_knl_Semaphore_LM_pend__C
0000a888   ti_sysbios_knl_Semaphore_LM_post__C
0000a88c   ti_sysbios_knl_Semaphore_Module__diagsEnabled__C
0000a890   ti_sysbios_knl_Semaphore_Module__diagsIncluded__C
0000a894   ti_sysbios_knl_Semaphore_Module__diagsMask__C
0000a898   ti_sysbios_knl_Semaphore_Module__loggerFxn2__C
0000a89c   ti_sysbios_knl_Semaphore_Module__loggerFxn4__C
0000a8a0   ti_sysbios_knl_Semaphore_Module__loggerObj__C
0000a8a4   ti_sysbios_knl_Swi_LD_end__C
0000a8a8   ti_sysbios_knl_Swi_LM_begin__C
0000a8ac   ti_sysbios_knl_Swi_LM_post__C
0000a8b0   ti_sysbios_knl_Swi_Module__diagsEnabled__C
0000a8b4   ti_sysbios_knl_Swi_Module__diagsIncluded__C
0000a8b8   ti_sysbios_knl_Swi_Module__diagsMask__C
0000a8bc   ti_sysbios_knl_Swi_Module__loggerFxn1__C
0000a8c0   ti_sysbios_knl_Swi_Module__loggerFxn4__C
0000a8c4   ti_sysbios_knl_Swi_Module__loggerObj__C
0000a8c8   ti_sysbios_knl_Swi_Object__count__C
0000a8cc   ti_sysbios_knl_Task_A_badTimeout__C
0000a8d0   ti_sysbios_knl_Task_A_sleepTaskDisabled__C
0000a8d4   ti_sysbios_knl_Task_E_spOutOfBounds__C
0000a8d8   ti_sysbios_knl_Task_E_stackOverflow__C
0000a8dc   ti_sysbios_knl_Task_LD_block__C
0000a8e0   ti_sysbios_knl_Task_LD_exit__C
0000a8e4   ti_sysbios_knl_Task_LD_ready__C
0000a8e8   ti_sysbios_knl_Task_LM_sleep__C
0000a8ec   ti_sysbios_knl_Task_LM_switch__C
0000a8f0   ti_sysbios_knl_Task_Module_State_inactiveQ__O
0000a8f4   ti_sysbios_knl_Task_Module_State_terminatedQ__O
0000a8f8   ti_sysbios_knl_Task_Module__diagsEnabled__C
0000a8fc   ti_sysbios_knl_Task_Module__diagsIncluded__C
0000a900   ti_sysbios_knl_Task_Module__diagsMask__C
0000a904   ti_sysbios_knl_Task_Module__loggerFxn2__C
0000a908   ti_sysbios_knl_Task_Module__loggerFxn4__C
0000a90c   ti_sysbios_knl_Task_Module__loggerObj__C
0000a910   ti_sysbios_knl_Task_Object__count__C
0000a914   ti_sysbios_knl_Task_allBlockedFunc__C
0000a918   ti_sysbios_knl_Task_numConstructedTasks__C
0000a91c   ti_sysbios_utils_Load_LS_cpuLoad__C
0000a920   ti_sysbios_utils_Load_LS_hwiLoad__C
0000a924   ti_sysbios_utils_Load_LS_swiLoad__C
0000a928   ti_sysbios_utils_Load_LS_taskLoad__C
0000a92c   ti_sysbios_utils_Load_Module_State_taskList__O
0000a930   ti_sysbios_utils_Load_Module__diagsEnabled__C
0000a934   ti_sysbios_utils_Load_Module__diagsIncluded__C
0000a938   ti_sysbios_utils_Load_Module__diagsMask__C
0000a93c   ti_sysbios_utils_Load_Module__loggerFxn1__C
0000a940   ti_sysbios_utils_Load_Module__loggerFxn2__C
0000a944   ti_sysbios_utils_Load_Module__loggerFxn4__C
0000a948   ti_sysbios_utils_Load_Module__loggerObj__C
0000a94c   ti_sysbios_utils_Load_postUpdate__C
0000a950   ti_sysbios_utils_Load_windowInMs__C
0000a954   ti_uia_loggers_LoggerStopMode_Module__diagsEnabled__C
0000a958   ti_uia_loggers_LoggerStopMode_Module__diagsIncluded__C
0000a95c   ti_uia_loggers_LoggerStopMode_Module__diagsMask__C
0000a960   ti_uia_loggers_LoggerStopMode_Object__count__C
0000a964   ti_uia_runtime_ILoggerSnapshot_Interface__BASE__C
0000a968   ti_uia_runtime_IUIATransfer_Interface__BASE__C
0000a96c   xdc_runtime_Assert_E_assertFailed__C
0000a970   xdc_runtime_Core_A_initializedParams__C
0000a974   xdc_runtime_Core_Module__diagsEnabled__C
0000a978   xdc_runtime_Core_Module__diagsIncluded__C
0000a97c   xdc_runtime_Core_Module__diagsMask__C
0000a980   xdc_runtime_Error_E_memory__C
0000a984   xdc_runtime_Error_Module__diagsEnabled__C
0000a988   xdc_runtime_Error_Module__diagsIncluded__C
0000a98c   xdc_runtime_Error_Module__diagsMask__C
0000a990   xdc_runtime_Error_Module__loggerFxn8__C
0000a994   xdc_runtime_Error_Module__loggerObj__C
0000a998   xdc_runtime_Error_policyFxn__C
0000a99c   xdc_runtime_Error_raiseHook__C
0000a9a0   xdc_runtime_IFilterLogger_Interface__BASE__C
0000a9a4   xdc_runtime_IGateProvider_Interface__BASE__C
0000a9a8   xdc_runtime_IHeap_Interface__BASE__C
0000a9ac   xdc_runtime_ILogger_Interface__BASE__C
0000a9b0   xdc_runtime_IModule_Interface__BASE__C
0000a9b4   xdc_runtime_Log_L_error__C
0000a9b8   xdc_runtime_Log_L_warning__C
0000a9bc   xdc_runtime_Main_Module__diagsEnabled__C
0000a9c0   xdc_runtime_Main_Module__diagsIncluded__C
0000a9c4   xdc_runtime_Main_Module__diagsMask__C
0000a9c8   xdc_runtime_Main_Module__loggerFxn2__C
0000a9cc   xdc_runtime_Main_Module__loggerFxn4__C
0000a9d0   xdc_runtime_Main_Module__loggerObj__C
0000a9d4   xdc_runtime_Memory_defaultHeapInstance__C
0000a9d8   xdc_runtime_Startup_execImpl__C
0000a9dc   xdc_runtime_Startup_lastFxns__A
0000a9e0   xdc_runtime_Startup_maxPasses__C
0000a9e4   xdc_runtime_Startup_sfxnRts__C
0000a9e8   xdc_runtime_Startup_sfxnTab__C
0000a9ec   xdc_runtime_SysMin_bufSize__C
0000a9f0   xdc_runtime_SysMin_outputFunc__C
0000a9f4   xdc_runtime_System_Module__gateObj__C
0000a9f8   xdc_runtime_System_abortFxn__C
0000a9fc   xdc_runtime_System_exitFxn__C
0000aa00   xdc_runtime_System_extendFxn__C
0000aa04   xdc_runtime_System_maxAtexitHandlers__C
0000aa08   xdc_runtime_Text_charTab__C
0000aa0c   xdc_runtime_Text_nameEmpty__C
0000aa10   xdc_runtime_Text_nameStatic__C
0000aa14   xdc_runtime_Text_nameUnknown__C
0000aa18   xdc_runtime_Text_nodeTab__C
0000aa1c   xdc_runtime_Text_visitRopeFxn__C
0000aa20   ti_sysbios_family_arm_lm4_TimestampProvider_useClockTimer__C
0000aa22   ti_sysbios_family_arm_m3_Hwi_Module__id__C
0000aa24   ti_sysbios_family_arm_m3_Hwi_Module__loggerDefined__C
0000aa26   ti_sysbios_gates_GateMutex_Module__id__C
0000aa28   ti_sysbios_hal_Hwi_Module__id__C
0000aa2a   ti_sysbios_heaps_HeapMem_Module__id__C
0000aa2c   ti_sysbios_knl_Clock_Module__id__C
0000aa2e   ti_sysbios_knl_Clock_Module__loggerDefined__C
0000aa30   ti_sysbios_knl_Semaphore_Module__id__C
0000aa32   ti_sysbios_knl_Semaphore_Module__loggerDefined__C
0000aa34   ti_sysbios_knl_Swi_Module__id__C
0000aa36   ti_sysbios_knl_Swi_Module__loggerDefined__C
0000aa38   ti_sysbios_knl_Task_Module__id__C
0000aa3a   ti_sysbios_knl_Task_Module__loggerDefined__C
0000aa3c   ti_sysbios_knl_Task_checkStackFlag__C
0000aa3e   ti_sysbios_knl_Task_deleteTerminatedTasks__C
0000aa40   ti_sysbios_knl_Task_initStackFlag__C
0000aa42   ti_sysbios_utils_Load_Module__id__C
0000aa44   ti_sysbios_utils_Load_Module__loggerDefined__C
0000aa46   ti_sysbios_utils_Load_hwiEnabled__C
0000aa48   ti_sysbios_utils_Load_swiEnabled__C
0000aa4a   ti_sysbios_utils_Load_taskEnabled__C
0000aa4c   ti_sysbios_utils_Load_updateInIdle__C
0000aa4e   ti_uia_loggers_LoggerStopMode_Module__id__C
0000aa50   ti_uia_loggers_LoggerStopMode_isTimestampEnabled__C
0000aa52   xdc_runtime_Core_Module__id__C
0000aa54   xdc_runtime_Error_Module__loggerDefined__C
0000aa56   xdc_runtime_Error_maxDepth__C
0000aa58   xdc_runtime_Main_Module__id__C
0000aa5a   xdc_runtime_Main_Module__loggerDefined__C
0000aa5c   xdc_runtime_Memory_Module__id__C
0000aa5e   xdc_runtime_SysMin_flushAtExit__C
0000aa60   xdc_runtime_Text_charCnt__C
0000aa62   xdc_runtime_Text_isLoaded__C
0000aa64   xdc_runtime_Text_registryModsLastId__C
0000aa66   xdc_runtime_Text_unnamedModsLastId__C
0000aa68   xdc_runtime_Error_policy__C
0000aef4   __TI_Handler_Table_Base
0000af00   __TI_Handler_Table_Limit
0000af10   __TI_CINIT_Base
0000af28   __TI_CINIT_Limit
20000000   ti_sysbios_family_arm_m3_Hwi_ramVectors
20000380   ti_sysbios_knl_Task_Instance_State_0_stack__A
20000580   ti_sysbios_knl_Task_Instance_State_1_stack__A
20000d80   ti_sysbios_knl_Task_Instance_State_2_stack__A
20001580   ti_sysbios_heaps_HeapMem_Instance_State_0_buf__A
20002580   ti_uia_loggers_LoggerStopMode_Instance_State_1_packetArray__A
20002980   ti_uia_loggers_LoggerStopMode_Instance_State_2_packetArray__A
20002d80   xdc_runtime_SysMin_Module_State_0_outbuf__A
20003180   ti_sysbios_family_arm_m3_Hwi_dispatchTable
200034e0   uartParams
20003500   ti_uia_loggers_LoggerStopMode_Instance_State_0_packetArray__A
20003700   __CIOBUF_
20003820   uartRxBuf
20003920   uartTivaObjects
200039b0   uart
20003a00   ti_uia_loggers_LoggerStopMode_Instance_State_0_hdr__A
20003a80   ti_uia_loggers_LoggerStopMode_Instance_State_1_hdr__A
20003b00   ti_uia_loggers_LoggerStopMode_Instance_State_2_hdr__A
20003b30   __stack
20003d30   __STACK_TOP
20004b30   __STACK_END
20004b30   xdc_runtime_Diags_dictElems
20004b50   ti_sysbios_family_arm_lm4_Timer_Module__root__V
20004b58   ti_sysbios_family_arm_lm4_Timer_Module_State_0_handles__A
20004b70   ti_sysbios_family_arm_lm4_Timer_Module__state__V
20004b7c   ti_sysbios_family_arm_lm4_TimestampProvider_Module__state__V
20004b84   ti_sysbios_family_arm_m3_Hwi_Module__root__V
20004b8c   ti_sysbios_family_arm_m3_Hwi_Module_State_0_excActive__A
20004b90   ti_sysbios_family_arm_m3_Hwi_Module_State_0_excContext__A
20004b94   ti_sysbios_family_arm_m3_Hwi_Module_State_0_excStack__A
20004b98   ti_sysbios_gates_GateHwi_Module__root__V
20004ba0   ti_sysbios_gates_GateHwi_Object__table__V
20004ba4   ti_sysbios_gates_GateMutex_Module__root__V
20004bac   ti_sysbios_hal_Hwi_Module__root__V
20004bb4   ti_sysbios_heaps_HeapMem_Module__root__V
20004bbc   ti_sysbios_heaps_HeapMem_Object__table__V
20004bd4   ti_sysbios_knl_Clock_Module__root__V
20004bdc   ti_sysbios_knl_Event_Module__root__V
20004be8   ti_sysbios_knl_Queue_Module__root__V
20004bf0   ti_sysbios_knl_Semaphore_Module__root__V
20004bf8   ti_sysbios_knl_Swi_Module__root__V
20004c00   ti_sysbios_knl_Swi_Module__state__V
20004c1c   ti_sysbios_knl_Task_Module__root__V
20004c28   ti_sysbios_knl_Task_Module_State_0_idleTask__A
20004c2c   ti_sysbios_utils_Load_Module_State_0_taskStartTime__A
20004c30   ti_sysbios_utils_Load_Module_State_0_runningTask__A
20004c34   ti_uia_loggers_LoggerStopMode_Module__root__V
20004c3c   ti_uia_loggers_LoggerStopMode_Module__state__V
20004c44   ti_uia_runtime_QueueDescriptor_Module__state__V
20004c50   xdc_runtime_Error_Module__state__V
20004c52   xdc_runtime_Main_Module__root__V
20004c54   xdc_runtime_Memory_Module__state__V
20004c58   xdc_runtime_Registry_Module__state__V
20004c60   xdc_runtime_Startup_Module__state__V
20004c68   xdc_runtime_SysMin_Module__state__V
20004c74   xdc_runtime_System_Module_State_0_atexitHandlers__A
20004c94   xdc_runtime_System_Module__state__V
20004c9c   xdc_runtime_Text_Module__state__V
20004ca4   __xdc__init__addr
20004ca8   ti_sysbios_knl_Task_Object__table__V
20004d40   TSK_idle
20004d8c   ti_uia_loggers_LoggerStopMode_Object__table__V
20004e28   ti_sysbios_utils_Load_Module__state__V
20004ec0   ti_sysbios_family_arm_lm4_Timer_Object__table__V
20004f40   ti_sysbios_knl_Swi_Module_State_0_readyQ__A
20004fc0   ti_sysbios_knl_Task_Module_State_0_readyQ__A
20005040   ti_sysbios_knl_Task_Module__state__V
20005084   ti_sysbios_gates_GateMutex_Object__table__V
200050bc   ti_sysbios_family_arm_m3_Hwi_Module__state__V
200050f0   ti_sysbios_family_arm_lm4_Timer_Module_State_0_device__A
20005120   ti_sysbios_family_arm_m3_Hwi_Object__table__V
20005150   ti_sysbios_knl_Swi_Object__table__V
20005180   ti_sysbios_knl_Clock_Module__state__V
200051ac   ti_sysbios_knl_Semaphore_Object__table__V
200051d4   ti_sysbios_BIOS_Module__state__V
20005200   _lock
20005204   _unlock
20005208   __TI_cleanup_ptr
2000520c   __TI_dtors_ptr
20005210   ti_uia_runtime_QueueDescriptor_gPtrToFirstDescriptor
20005214   ti_uia_runtime_QueueDescriptor_gUpdateCount
20005218   main_func_sp
40000400   ti_sysbios_family_arm_ducati_CTM_ctm
e000e000   ti_sysbios_family_arm_m3_Hwi_nvic
ffffffff   __binit__
ffffffff   __c_args__
ffffffff   binit
UNDEFED    SHT$$INIT_ARRAY$$Base
UNDEFED    SHT$$INIT_ARRAY$$Limit

[748 symbols]
